Archive member included to satisfy reference by file (symbol)

C:/ST/STM32CubeIDE_1.13.1/STM32CubeIDE/plugins/com.st.stm32cube.ide.mcu.externaltools.gnu-tools-for-stm32.11.3.rel1.win32_1.1.0.202305231506/tools/bin/../lib/gcc/arm-none-eabi/11.3.1/../../../../arm-none-eabi/lib/thumb/v7e-m+fp/hard\libc_nano.a(libc_a-atoi.o)
                              ./Core/Src/main.o (atoi)
C:/ST/STM32CubeIDE_1.13.1/STM32CubeIDE/plugins/com.st.stm32cube.ide.mcu.externaltools.gnu-tools-for-stm32.11.3.rel1.win32_1.1.0.202305231506/tools/bin/../lib/gcc/arm-none-eabi/11.3.1/../../../../arm-none-eabi/lib/thumb/v7e-m+fp/hard\libc_nano.a(libc_a-exit.o)
                              C:/ST/STM32CubeIDE_1.13.1/STM32CubeIDE/plugins/com.st.stm32cube.ide.mcu.externaltools.gnu-tools-for-stm32.11.3.rel1.win32_1.1.0.202305231506/tools/bin/../lib/gcc/arm-none-eabi/11.3.1/../../../../arm-none-eabi/lib/thumb/v7e-m+fp/hard/crt0.o (exit)
C:/ST/STM32CubeIDE_1.13.1/STM32CubeIDE/plugins/com.st.stm32cube.ide.mcu.externaltools.gnu-tools-for-stm32.11.3.rel1.win32_1.1.0.202305231506/tools/bin/../lib/gcc/arm-none-eabi/11.3.1/../../../../arm-none-eabi/lib/thumb/v7e-m+fp/hard\libc_nano.a(libc_a-itoa.o)
                              ./LoRa/RYLR896.o (itoa)
C:/ST/STM32CubeIDE_1.13.1/STM32CubeIDE/plugins/com.st.stm32cube.ide.mcu.externaltools.gnu-tools-for-stm32.11.3.rel1.win32_1.1.0.202305231506/tools/bin/../lib/gcc/arm-none-eabi/11.3.1/../../../../arm-none-eabi/lib/thumb/v7e-m+fp/hard\libc_nano.a(libc_a-strtol.o)
                              C:/ST/STM32CubeIDE_1.13.1/STM32CubeIDE/plugins/com.st.stm32cube.ide.mcu.externaltools.gnu-tools-for-stm32.11.3.rel1.win32_1.1.0.202305231506/tools/bin/../lib/gcc/arm-none-eabi/11.3.1/../../../../arm-none-eabi/lib/thumb/v7e-m+fp/hard\libc_nano.a(libc_a-atoi.o) (_strtol_r)
C:/ST/STM32CubeIDE_1.13.1/STM32CubeIDE/plugins/com.st.stm32cube.ide.mcu.externaltools.gnu-tools-for-stm32.11.3.rel1.win32_1.1.0.202305231506/tools/bin/../lib/gcc/arm-none-eabi/11.3.1/../../../../arm-none-eabi/lib/thumb/v7e-m+fp/hard\libc_nano.a(libc_a-utoa.o)
                              C:/ST/STM32CubeIDE_1.13.1/STM32CubeIDE/plugins/com.st.stm32cube.ide.mcu.externaltools.gnu-tools-for-stm32.11.3.rel1.win32_1.1.0.202305231506/tools/bin/../lib/gcc/arm-none-eabi/11.3.1/../../../../arm-none-eabi/lib/thumb/v7e-m+fp/hard\libc_nano.a(libc_a-itoa.o) (__utoa)
C:/ST/STM32CubeIDE_1.13.1/STM32CubeIDE/plugins/com.st.stm32cube.ide.mcu.externaltools.gnu-tools-for-stm32.11.3.rel1.win32_1.1.0.202305231506/tools/bin/../lib/gcc/arm-none-eabi/11.3.1/../../../../arm-none-eabi/lib/thumb/v7e-m+fp/hard\libc_nano.a(libc_a-ctype_.o)
                              C:/ST/STM32CubeIDE_1.13.1/STM32CubeIDE/plugins/com.st.stm32cube.ide.mcu.externaltools.gnu-tools-for-stm32.11.3.rel1.win32_1.1.0.202305231506/tools/bin/../lib/gcc/arm-none-eabi/11.3.1/../../../../arm-none-eabi/lib/thumb/v7e-m+fp/hard\libc_nano.a(libc_a-strtol.o) (_ctype_)
C:/ST/STM32CubeIDE_1.13.1/STM32CubeIDE/plugins/com.st.stm32cube.ide.mcu.externaltools.gnu-tools-for-stm32.11.3.rel1.win32_1.1.0.202305231506/tools/bin/../lib/gcc/arm-none-eabi/11.3.1/../../../../arm-none-eabi/lib/thumb/v7e-m+fp/hard\libc_nano.a(libc_a-findfp.o)
                              C:/ST/STM32CubeIDE_1.13.1/STM32CubeIDE/plugins/com.st.stm32cube.ide.mcu.externaltools.gnu-tools-for-stm32.11.3.rel1.win32_1.1.0.202305231506/tools/bin/../lib/gcc/arm-none-eabi/11.3.1/../../../../arm-none-eabi/lib/thumb/v7e-m+fp/hard\libc_nano.a(libc_a-exit.o) (__stdio_exit_handler)
C:/ST/STM32CubeIDE_1.13.1/STM32CubeIDE/plugins/com.st.stm32cube.ide.mcu.externaltools.gnu-tools-for-stm32.11.3.rel1.win32_1.1.0.202305231506/tools/bin/../lib/gcc/arm-none-eabi/11.3.1/../../../../arm-none-eabi/lib/thumb/v7e-m+fp/hard\libc_nano.a(libc_a-fwalk.o)
                              C:/ST/STM32CubeIDE_1.13.1/STM32CubeIDE/plugins/com.st.stm32cube.ide.mcu.externaltools.gnu-tools-for-stm32.11.3.rel1.win32_1.1.0.202305231506/tools/bin/../lib/gcc/arm-none-eabi/11.3.1/../../../../arm-none-eabi/lib/thumb/v7e-m+fp/hard\libc_nano.a(libc_a-findfp.o) (_fwalk_sglue)
C:/ST/STM32CubeIDE_1.13.1/STM32CubeIDE/plugins/com.st.stm32cube.ide.mcu.externaltools.gnu-tools-for-stm32.11.3.rel1.win32_1.1.0.202305231506/tools/bin/../lib/gcc/arm-none-eabi/11.3.1/../../../../arm-none-eabi/lib/thumb/v7e-m+fp/hard\libc_nano.a(libc_a-sprintf.o)
                              ./STRING/STR_Chelo.o (sprintf)
C:/ST/STM32CubeIDE_1.13.1/STM32CubeIDE/plugins/com.st.stm32cube.ide.mcu.externaltools.gnu-tools-for-stm32.11.3.rel1.win32_1.1.0.202305231506/tools/bin/../lib/gcc/arm-none-eabi/11.3.1/../../../../arm-none-eabi/lib/thumb/v7e-m+fp/hard\libc_nano.a(libc_a-stdio.o)
                              C:/ST/STM32CubeIDE_1.13.1/STM32CubeIDE/plugins/com.st.stm32cube.ide.mcu.externaltools.gnu-tools-for-stm32.11.3.rel1.win32_1.1.0.202305231506/tools/bin/../lib/gcc/arm-none-eabi/11.3.1/../../../../arm-none-eabi/lib/thumb/v7e-m+fp/hard\libc_nano.a(libc_a-findfp.o) (__sread)
[...]
Memory Configuration

Name             Origin             Length             Attributes
RAM              0x0000000020000000 0x0000000000020000 xrw
FLASH            0x0000000008000000 0x0000000000080000 xr
*default*        0x0000000000000000 0xffffffffffffffff

Linker script and memory map

LOAD C:/ST/STM32CubeIDE_1.13.1/STM32CubeIDE/plugins/com.st.stm32cube.ide.mcu.externaltools.gnu-tools-for-stm32.11.3.rel1.win32_1.1.0.202305231506/tools/bin/../lib/gcc/arm-none-eabi/11.3.1/thumb/v7e-m+fp/hard/crti.o
LOAD C:/ST/STM32CubeIDE_1.13.1/STM32CubeIDE/plugins/com.st.stm32cube.ide.mcu.externaltools.gnu-tools-for-stm32.11.3.rel1.win32_1.1.0.202305231506/tools/bin/../lib/gcc/arm-none-eabi/11.3.1/thumb/v7e-m+fp/hard/crtbegin.o
LOAD C:/ST/STM32CubeIDE_1.13.1/STM32CubeIDE/plugins/com.st.stm32cube.ide.mcu.externaltools.gnu-tools-for-stm32.11.3.rel1.win32_1.1.0.202305231506/tools/bin/../lib/gcc/arm-none-eabi/11.3.1/../../../../arm-none-eabi/lib/thumb/v7e-m+fp/hard/crt0.o
LOAD ./Core/Src/main.o
LOAD ./Core/Src/stm32f4xx_hal_msp.o
LOAD ./Core/Src/stm32f4xx_it.o
LOAD ./Core/Src/syscalls.o
LOAD ./Core/Src/sysmem.o
LOAD ./Core/Src/system_stm32f4xx.o
LOAD ./Core/Startup/startup_stm32f411ceux.o
LOAD ./Drivers/STM32F4xx_HAL_Driver/Src/stm32f4xx_hal.o
LOAD ./Drivers/STM32F4xx_HAL_Driver/Src/stm32f4xx_hal_cortex.o
LOAD ./Drivers/STM32F4xx_HAL_Driver/Src/stm32f4xx_hal_dma.o
LOAD ./Drivers/STM32F4xx_HAL_Driver/Src/stm32f4xx_hal_dma_ex.o
LOAD ./Drivers/STM32F4xx_HAL_Driver/Src/stm32f4xx_hal_exti.o
LOAD ./Drivers/STM32F4xx_HAL_Driver/Src/stm32f4xx_hal_flash.o
LOAD ./Drivers/STM32F4xx_HAL_Driver/Src/stm32f4xx_hal_flash_ex.o
LOAD ./Drivers/STM32F4xx_HAL_Driver/Src/stm32f4xx_hal_flash_ramfunc.o
LOAD ./Drivers/STM32F4xx_HAL_Driver/Src/stm32f4xx_hal_gpio.o
LOAD ./Drivers/STM32F4xx_HAL_Driver/Src/stm32f4xx_hal_pwr.o
LOAD ./Drivers/STM32F4xx_HAL_Driver/Src/stm32f4xx_hal_pwr_ex.o
LOAD ./Drivers/STM32F4xx_HAL_Driver/Src/stm32f4xx_hal_rcc.o
LOAD ./Drivers/STM32F4xx_HAL_Driver/Src/stm32f4xx_hal_rcc_ex.o
LOAD ./Drivers/STM32F4xx_HAL_Driver/Src/stm32f4xx_hal_spi.o
LOAD ./Drivers/STM32F4xx_HAL_Driver/Src/stm32f4xx_hal_tim.o
LOAD ./Drivers/STM32F4xx_HAL_Driver/Src/stm32f4xx_hal_tim_ex.o
LOAD ./Drivers/STM32F4xx_HAL_Driver/Src/stm32f4xx_hal_uart.o
LOAD ./ESP8266/ESP8266_Chelo.o
LOAD ./HTTP/http.o
LOAD ./LoRa/RYLR896.o
LOAD ./ModBUS/ModBUS_Chelo.o
LOAD ./STM32_ETH_W5100/ETH_W5100.o
LOAD ./STRING/STR_Chelo.o
START GROUP
LOAD C:/ST/STM32CubeIDE_1.13.1/STM32CubeIDE/plugins/com.st.stm32cube.ide.mcu.externaltools.gnu-tools-for-stm32.11.3.rel1.win32_1.1.0.202305231506/tools/bin/../lib/gcc/arm-none-eabi/11.3.1/../../../../arm-none-eabi/lib/thumb/v7e-m+fp/hard\libc_nano.a
LOAD C:/ST/STM32CubeIDE_1.13.1/STM32CubeIDE/plugins/com.st.stm32cube.ide.mcu.externaltools.gnu-tools-for-stm32.11.3.rel1.win32_1.1.0.202305231506/tools/bin/../lib/gcc/arm-none-eabi/11.3.1/../../../../arm-none-eabi/lib/thumb/v7e-m+fp/hard\libm.a
END GROUP
START GROUP
LOAD C:/ST/STM32CubeIDE_1.13.1/STM32CubeIDE/plugins/com.st.stm32cube.ide.mcu.externaltools.gnu-tools-for-stm32.11.3.rel1.win32_1.1.0.202305231506/tools/bin/../lib/gcc/arm-none-eabi/11.3.1/thumb/v7e-m+fp/hard\libgcc.a
LOAD C:/ST/STM32CubeIDE_1.13.1/STM32CubeIDE/plugins/com.st.stm32cube.ide.mcu.externaltools.gnu-tools-for-stm32.11.3.rel1.win32_1.1.0.202305231506/tools/bin/../lib/gcc/arm-none-eabi/11.3.1/../../../../arm-none-eabi/lib/thumb/v7e-m+fp/hard\libc_nano.a
END GROUP
START GROUP
LOAD C:/ST/STM32CubeIDE_1.13.1/STM32CubeIDE/plugins/com.st.stm32cube.ide.mcu.externaltools.gnu-tools-for-stm32.11.3.rel1.win32_1.1.0.202305231506/tools/bin/../lib/gcc/arm-none-eabi/11.3.1/thumb/v7e-m+fp/hard\libgcc.a
LOAD C:/ST/STM32CubeIDE_1.13.1/STM32CubeIDE/plugins/com.st.stm32cube.ide.mcu.externaltools.gnu-tools-for-stm32.11.3.rel1.win32_1.1.0.202305231506/tools/bin/../lib/gcc/arm-none-eabi/11.3.1/../../../../arm-none-eabi/lib/thumb/v7e-m+fp/hard\libc_nano.a
LOAD C:/ST/STM32CubeIDE_1.13.1/STM32CubeIDE/plugins/com.st.stm32cube.ide.mcu.externaltools.gnu-tools-for-stm32.11.3.rel1.win32_1.1.0.202305231506/tools/bin/../lib/gcc/arm-none-eabi/11.3.1/../../../../arm-none-eabi/lib/thumb/v7e-m+fp/hard\libnosys.a
END GROUP
START GROUP
LOAD C:/ST/STM32CubeIDE_1.13.1/STM32CubeIDE/plugins/com.st.stm32cube.ide.mcu.externaltools.gnu-tools-for-stm32.11.3.rel1.win32_1.1.0.202305231506/tools/bin/../lib/gcc/arm-none-eabi/11.3.1/thumb/v7e-m+fp/hard\libgcc.a
LOAD C:/ST/STM32CubeIDE_1.13.1/STM32CubeIDE/plugins/com.st.stm32cube.ide.mcu.externaltools.gnu-tools-for-stm32.11.3.rel1.win32_1.1.0.202305231506/tools/bin/../lib/gcc/arm-none-eabi/11.3.1/../../../../arm-none-eabi/lib/thumb/v7e-m+fp/hard\libc_nano.a
LOAD C:/ST/STM32CubeIDE_1.13.1/STM32CubeIDE/plugins/com.st.stm32cube.ide.mcu.externaltools.gnu-tools-for-stm32.11.3.rel1.win32_1.1.0.202305231506/tools/bin/../lib/gcc/arm-none-eabi/11.3.1/../../../../arm-none-eabi/lib/thumb/v7e-m+fp/hard\libnosys.a
END GROUP
LOAD C:/ST/STM32CubeIDE_1.13.1/STM32CubeIDE/plugins/com.st.stm32cube.ide.mcu.externaltools.gnu-tools-for-stm32.11.3.rel1.win32_1.1.0.202305231506/tools/bin/../lib/gcc/arm-none-eabi/11.3.1/thumb/v7e-m+fp/hard/crtend.o
LOAD C:/ST/STM32CubeIDE_1.13.1/STM32CubeIDE/plugins/com.st.stm32cube.ide.mcu.externaltools.gnu-tools-for-stm32.11.3.rel1.win32_1.1.0.202305231506/tools/bin/../lib/gcc/arm-none-eabi/11.3.1/thumb/v7e-m+fp/hard/crtn.o
                0x0000000020020000                _estack = (ORIGIN (RAM) + LENGTH (RAM))
                0x0000000000000200                _Min_Heap_Size = 0x200
                0x0000000000000400                _Min_Stack_Size = 0x400

.isr_vector     0x0000000008000000      0x198
                0x0000000008000000                . = ALIGN (0x4)
 *(.isr_vector)
 .isr_vector    0x0000000008000000      0x198 ./Core/Startup/startup_stm32f411ceux.o
                0x0000000008000000                g_pfnVectors
                0x0000000008000198                . = ALIGN (0x4)

.text           0x00000000080001a0    0x10354
                0x00000000080001a0                . = ALIGN (0x4)
 *(.text)
 .text          0x00000000080001a0       0x40 C:/ST/STM32CubeIDE_1.13.1/STM32CubeIDE/plugins/com.st.stm32cube.ide.mcu.externaltools.gnu-tools-for-stm32.11.3.rel1.win32_1.1.0.202305231506/tools/bin/../lib/gcc/arm-none-eabi/11.3.1/thumb/v7e-m+fp/hard/crtbegin.o
 .text          0x00000000080001e0       0x14 C:/ST/STM32CubeIDE_1.13.1/STM32CubeIDE/plugins/com.st.stm32cube.ide.mcu.externaltools.gnu-tools-for-stm32.11.3.rel1.win32_1.1.0.202305231506/tools/bin/../lib/gcc/arm-none-eabi/11.3.1/../../../../arm-none-eabi/lib/thumb/v7e-m+fp/hard\libc_nano.a(libc_a-strcmp.o)
                0x00000000080001e0                strcmp
 .text          0x00000000080001f4       0x10 C:/ST/STM32CubeIDE_1.13.1/STM32CubeIDE/plugins/com.st.stm32cube.ide.mcu.externaltools.gnu-tools-for-stm32.11.3.rel1.win32_1.1.0.202305231506/tools/bin/../lib/gcc/arm-none-eabi/11.3.1/../../../../arm-none-eabi/lib/thumb/v7e-m+fp/hard\libc_nano.a(libc_a-strlen.o)
                0x00000000080001f4                strlen
 *fill*         0x0000000008000204        0xc 
 .text          0x0000000008000210       0xa0 C:/ST/STM32CubeIDE_1.13.1/STM32CubeIDE/plugins/com.st.stm32cube.ide.mcu.externaltools.gnu-tools-for-stm32.11.3.rel1.win32_1.1.0.202305231506/tools/bin/../lib/gcc/arm-none-eabi/11.3.1/../../../../arm-none-eabi/lib/thumb/v7e-m+fp/hard\libc_nano.a(libc_a-memchr.o)
                0x0000000008000210                memchr
 .text          0x00000000080002b0       0x30 C:/ST/STM32CubeIDE_1.13.1/STM32CubeIDE/plugins/com.st.stm32cube.ide.mcu.externaltools.gnu-tools-for-stm32.11.3.rel1.win32_1.1.0.202305231506/tools/bin/../lib/gcc/arm-none-eabi/11.3.1/thumb/v7e-m+fp/hard\libgcc.a(_aeabi_uldivmod.o)
                0x00000000080002b0                __aeabi_uldivmod
 .text          0x00000000080002e0      0x2c8 C:/ST/STM32CubeIDE_1.13.1/STM32CubeIDE/plugins/com.st.stm32cube.ide.mcu.externaltools.gnu-tools-for-stm32.11.3.rel1.win32_1.1.0.202305231506/tools/bin/../lib/gcc/arm-none-eabi/11.3.1/thumb/v7e-m+fp/hard\libgcc.a(_udivmoddi4.o)
                0x00000000080002e0                __udivmoddi4
 .text          0x00000000080005a8        0x4 C:/ST/STM32CubeIDE_1.13.1/STM32CubeIDE/plugins/com.st.stm32cube.ide.mcu.externaltools.gnu-tools-for-stm32.11.3.rel1.win32_1.1.0.202305231506/tools/bin/../lib/gcc/arm-none-eabi/11.3.1/thumb/v7e-m+fp/hard\libgcc.a(_dvmd_tls.o)
                0x00000000080005a8                __aeabi_idiv0
                0x00000000080005a8                __aeabi_ldiv0
 *(.text*)
 .text.__NVIC_SetPriority
                0x00000000080005ac       0x54 ./Core/Src/main.o
 .text.SysTick_Config
                0x0000000008000600       0x44 ./Core/Src/main.o
 .text.ITM_SendChar
                0x0000000008000644       0x4e ./Core/Src/main.o
 *fill*         0x0000000008000692        0x2 
 .text.main     0x0000000008000694      0xa10 ./Core/Src/main.o
                0x0000000008000694                main
 .text.SystemClock_Config
                0x00000000080010a4       0xd0 ./Core/Src/main.o
                0x00000000080010a4                SystemClock_Config
 .text.MX_SPI1_Init
                0x0000000008001174       0x6c ./Core/Src/main.o
 .text.MX_TIM2_Init
                0x00000000080011e0       0xf4 ./Core/Src/main.o
 .text.MX_TIM3_Init
                0x00000000080012d4       0xf8 ./Core/Src/main.o
 .text.MX_USART1_UART_Init
                0x00000000080013cc       0x54 ./Core/Src/main.o
 .text.MX_USART2_UART_Init
                0x0000000008001420       0x54 ./Core/Src/main.o
 .text.MX_USART6_UART_Init
                0x0000000008001474       0x54 ./Core/Src/main.o
 .text.MX_GPIO_Init
                0x00000000080014c8      0x124 ./Core/Src/main.o
 .text.ITM0_Write
                0x00000000080015ec       0x36 ./Core/Src/main.o
                0x00000000080015ec                ITM0_Write
 *fill*         0x0000000008001622        0x2 
 .text.SysTick_Handler
                0x0000000008001624      0xb20 ./Core/Src/main.o
                0x0000000008001624                SysTick_Handler
 .text.HAL_UART_ErrorCallback
                0x0000000008002144       0xa8 ./Core/Src/main.o
                0x0000000008002144                HAL_UART_ErrorCallback
 .text.HAL_UART_RxCpltCallback
                0x00000000080021ec       0xf8 ./Core/Src/main.o
                0x00000000080021ec                HAL_UART_RxCpltCallback
 .text.HAL_TIM_OC_DelayElapsedCallback
                0x00000000080022e4      0x15c ./Core/Src/main.o
                0x00000000080022e4                HAL_TIM_OC_DelayElapsedCallback
 .text.ESP8266_HW_Reset
                0x0000000008002440       0x50 ./Core/Src/main.o
                0x0000000008002440                ESP8266_HW_Reset
 .text.ESP8266_HW_Init
                0x0000000008002490      0x160 ./Core/Src/main.o
                0x0000000008002490                ESP8266_HW_Init
 .text.Error_Handler
                0x00000000080025f0        0xa ./Core/Src/main.o
                0x00000000080025f0                Error_Handler
 *fill*         0x00000000080025fa        0x2 
 .text.HAL_MspInit
                0x00000000080025fc       0x50 ./Core/Src/stm32f4xx_hal_msp.o
                0x00000000080025fc                HAL_MspInit
 .text.HAL_SPI_MspInit
                0x000000000800264c       0x90 ./Core/Src/stm32f4xx_hal_msp.o
                0x000000000800264c                HAL_SPI_MspInit
 .text.HAL_TIM_Base_MspInit
                0x00000000080026dc       0x88 ./Core/Src/stm32f4xx_hal_msp.o
                0x00000000080026dc                HAL_TIM_Base_MspInit
 .text.HAL_UART_MspInit
                0x0000000008002764      0x184 ./Core/Src/stm32f4xx_hal_msp.o
                0x0000000008002764                HAL_UART_MspInit
 .text.HAL_UART_MspDeInit
                0x00000000080028e8       0x94 ./Core/Src/stm32f4xx_hal_msp.o
                0x00000000080028e8                HAL_UART_MspDeInit
 .text.NMI_Handler
                0x000000000800297c        0x6 ./Core/Src/stm32f4xx_it.o
                0x000000000800297c                NMI_Handler
 .text.HardFault_Handler
                0x0000000008002982        0x6 ./Core/Src/stm32f4xx_it.o
                0x0000000008002982                HardFault_Handler
 .text.MemManage_Handler
                0x0000000008002988        0x6 ./Core/Src/stm32f4xx_it.o
                0x0000000008002988                MemManage_Handler
 .text.BusFault_Handler
                0x000000000800298e        0x6 ./Core/Src/stm32f4xx_it.o
                0x000000000800298e                BusFault_Handler
 .text.UsageFault_Handler
                0x0000000008002994        0x6 ./Core/Src/stm32f4xx_it.o
                0x0000000008002994                UsageFault_Handler
 .text.SVC_Handler
                0x000000000800299a        0xe ./Core/Src/stm32f4xx_it.o
                0x000000000800299a                SVC_Handler
 .text.DebugMon_Handler
                0x00000000080029a8        0xe ./Core/Src/stm32f4xx_it.o
                0x00000000080029a8                DebugMon_Handler
 .text.PendSV_Handler
                0x00000000080029b6        0xe ./Core/Src/stm32f4xx_it.o
                0x00000000080029b6                PendSV_Handler
 .text.TIM2_IRQHandler
                0x00000000080029c4       0x14 ./Core/Src/stm32f4xx_it.o
                0x00000000080029c4                TIM2_IRQHandler
 .text.TIM3_IRQHandler
                0x00000000080029d8       0x14 ./Core/Src/stm32f4xx_it.o
                0x00000000080029d8                TIM3_IRQHandler
 .text.USART1_IRQHandler
                0x00000000080029ec       0x14 ./Core/Src/stm32f4xx_it.o
                0x00000000080029ec                USART1_IRQHandler
 .text.USART2_IRQHandler
                0x0000000008002a00       0x14 ./Core/Src/stm32f4xx_it.o
                0x0000000008002a00                USART2_IRQHandler
 .text._getpid  0x0000000008002a14       0x10 ./Core/Src/syscalls.o
                0x0000000008002a14                _getpid
 .text._kill    0x0000000008002a24       0x20 ./Core/Src/syscalls.o
                0x0000000008002a24                _kill
 .text._exit    0x0000000008002a44       0x14 ./Core/Src/syscalls.o
                0x0000000008002a44                _exit
 .text._read    0x0000000008002a58       0x3a ./Core/Src/syscalls.o
                0x0000000008002a58                _read
 .text._write   0x0000000008002a92       0x38 ./Core/Src/syscalls.o
                0x0000000008002a92                _write
 .text._close   0x0000000008002aca       0x18 ./Core/Src/syscalls.o
                0x0000000008002aca                _close
 .text._fstat   0x0000000008002ae2       0x20 ./Core/Src/syscalls.o
                0x0000000008002ae2                _fstat
 .text._isatty  0x0000000008002b02       0x16 ./Core/Src/syscalls.o
                0x0000000008002b02                _isatty
 .text._lseek   0x0000000008002b18       0x1a ./Core/Src/syscalls.o
                0x0000000008002b18                _lseek
 *fill*         0x0000000008002b32        0x2 
 .text._sbrk    0x0000000008002b34       0x6c ./Core/Src/sysmem.o
                0x0000000008002b34                _sbrk
 .text.SystemInit
                0x0000000008002ba0       0x24 ./Core/Src/system_stm32f4xx.o
                0x0000000008002ba0                SystemInit
 .text.Reset_Handler
                0x0000000008002bc4       0x50 ./Core/Startup/startup_stm32f411ceux.o
                0x0000000008002bc4                Reset_Handler
 .text.Default_Handler
                0x0000000008002c14        0x2 ./Core/Startup/startup_stm32f411ceux.o
                0x0000000008002c14                RTC_Alarm_IRQHandler
                0x0000000008002c14                EXTI2_IRQHandler
                0x0000000008002c14                SPI4_IRQHandler
                0x0000000008002c14                TIM1_CC_IRQHandler
                0x0000000008002c14                DMA2_Stream5_IRQHandler
                0x0000000008002c14                DMA1_Stream5_IRQHandler
                0x0000000008002c14                PVD_IRQHandler
                0x0000000008002c14                SDIO_IRQHandler
                0x0000000008002c14                TAMP_STAMP_IRQHandler
                0x0000000008002c14                EXTI3_IRQHandler
                0x0000000008002c14                TIM1_UP_TIM10_IRQHandler
                0x0000000008002c14                I2C3_ER_IRQHandler
                0x0000000008002c14                EXTI0_IRQHandler
                0x0000000008002c14                I2C2_EV_IRQHandler
                0x0000000008002c14                DMA1_Stream2_IRQHandler
                0x0000000008002c14                FPU_IRQHandler
                0x0000000008002c14                DMA2_Stream2_IRQHandler
                0x0000000008002c14                SPI1_IRQHandler
                0x0000000008002c14                TIM1_BRK_TIM9_IRQHandler
                0x0000000008002c14                DMA2_Stream3_IRQHandler
                0x0000000008002c14                USART6_IRQHandler
                0x0000000008002c14                DMA2_Stream0_IRQHandler
                0x0000000008002c14                TIM4_IRQHandler
                0x0000000008002c14                I2C1_EV_IRQHandler
                0x0000000008002c14                DMA1_Stream6_IRQHandler
                0x0000000008002c14                DMA1_Stream1_IRQHandler
                0x0000000008002c14                RCC_IRQHandler
                0x0000000008002c14                Default_Handler
                0x0000000008002c14                EXTI15_10_IRQHandler
                0x0000000008002c14                ADC_IRQHandler
                0x0000000008002c14                DMA1_Stream7_IRQHandler
                0x0000000008002c14                SPI5_IRQHandler
                0x0000000008002c14                TIM5_IRQHandler
                0x0000000008002c14                DMA2_Stream7_IRQHandler
                0x0000000008002c14                I2C3_EV_IRQHandler
                0x0000000008002c14                EXTI9_5_IRQHandler
                0x0000000008002c14                RTC_WKUP_IRQHandler
                0x0000000008002c14                SPI2_IRQHandler
                0x0000000008002c14                DMA1_Stream0_IRQHandler
                0x0000000008002c14                EXTI4_IRQHandler
                0x0000000008002c14                WWDG_IRQHandler
                0x0000000008002c14                OTG_FS_WKUP_IRQHandler
                0x0000000008002c14                TIM1_TRG_COM_TIM11_IRQHandler
                0x0000000008002c14                EXTI1_IRQHandler
                0x0000000008002c14                I2C2_ER_IRQHandler
                0x0000000008002c14                DMA2_Stream1_IRQHandler
                0x0000000008002c14                FLASH_IRQHandler
                0x0000000008002c14                DMA2_Stream4_IRQHandler
                0x0000000008002c14                OTG_FS_IRQHandler
                0x0000000008002c14                SPI3_IRQHandler
                0x0000000008002c14                DMA1_Stream4_IRQHandler
                0x0000000008002c14                I2C1_ER_IRQHandler
                0x0000000008002c14                DMA2_Stream6_IRQHandler
                0x0000000008002c14                DMA1_Stream3_IRQHandler
 *fill*         0x0000000008002c16        0x2 
 .text.HAL_Init
                0x0000000008002c18       0x44 ./Drivers/STM32F4xx_HAL_Driver/Src/stm32f4xx_hal.o
                0x0000000008002c18                HAL_Init
 .text.HAL_InitTick
                0x0000000008002c5c       0x60 ./Drivers/STM32F4xx_HAL_Driver/Src/stm32f4xx_hal.o
                0x0000000008002c5c                HAL_InitTick
 .text.HAL_IncTick
                0x0000000008002cbc       0x28 ./Drivers/STM32F4xx_HAL_Driver/Src/stm32f4xx_hal.o
                0x0000000008002cbc                HAL_IncTick
 .text.HAL_GetTick
                0x0000000008002ce4       0x18 ./Drivers/STM32F4xx_HAL_Driver/Src/stm32f4xx_hal.o
                0x0000000008002ce4                HAL_GetTick
 .text.HAL_Delay
                0x0000000008002cfc       0x48 ./Drivers/STM32F4xx_HAL_Driver/Src/stm32f4xx_hal.o
                0x0000000008002cfc                HAL_Delay
 .text.__NVIC_SetPriorityGrouping
                0x0000000008002d44       0x48 ./Drivers/STM32F4xx_HAL_Driver/Src/stm32f4xx_hal_cortex.o
 .text.__NVIC_GetPriorityGrouping
                0x0000000008002d8c       0x1c ./Drivers/STM32F4xx_HAL_Driver/Src/stm32f4xx_hal_cortex.o
 .text.__NVIC_EnableIRQ
                0x0000000008002da8       0x3c ./Drivers/STM32F4xx_HAL_Driver/Src/stm32f4xx_hal_cortex.o
 .text.__NVIC_DisableIRQ
                0x0000000008002de4       0x48 ./Drivers/STM32F4xx_HAL_Driver/Src/stm32f4xx_hal_cortex.o
 .text.__NVIC_SetPriority
                0x0000000008002e2c       0x54 ./Drivers/STM32F4xx_HAL_Driver/Src/stm32f4xx_hal_cortex.o
 .text.NVIC_EncodePriority
                0x0000000008002e80       0x66 ./Drivers/STM32F4xx_HAL_Driver/Src/stm32f4xx_hal_cortex.o
 *fill*         0x0000000008002ee6        0x2 
 .text.SysTick_Config
                0x0000000008002ee8       0x44 ./Drivers/STM32F4xx_HAL_Driver/Src/stm32f4xx_hal_cortex.o
 .text.HAL_NVIC_SetPriorityGrouping
                0x0000000008002f2c       0x16 ./Drivers/STM32F4xx_HAL_Driver/Src/stm32f4xx_hal_cortex.o
                0x0000000008002f2c                HAL_NVIC_SetPriorityGrouping
 .text.HAL_NVIC_SetPriority
                0x0000000008002f42       0x38 ./Drivers/STM32F4xx_HAL_Driver/Src/stm32f4xx_hal_cortex.o
                0x0000000008002f42                HAL_NVIC_SetPriority
 .text.HAL_NVIC_EnableIRQ
                0x0000000008002f7a       0x1c ./Drivers/STM32F4xx_HAL_Driver/Src/stm32f4xx_hal_cortex.o
                0x0000000008002f7a                HAL_NVIC_EnableIRQ
 .text.HAL_NVIC_DisableIRQ
                0x0000000008002f96       0x1c ./Drivers/STM32F4xx_HAL_Driver/Src/stm32f4xx_hal_cortex.o
                0x0000000008002f96                HAL_NVIC_DisableIRQ
 .text.HAL_SYSTICK_Config
                0x0000000008002fb2       0x18 ./Drivers/STM32F4xx_HAL_Driver/Src/stm32f4xx_hal_cortex.o
                0x0000000008002fb2                HAL_SYSTICK_Config
 .text.HAL_DMA_Abort
                0x0000000008002fca       0xe0 ./Drivers/STM32F4xx_HAL_Driver/Src/stm32f4xx_hal_dma.o
                0x0000000008002fca                HAL_DMA_Abort
 .text.HAL_DMA_Abort_IT
                0x00000000080030aa       0x44 ./Drivers/STM32F4xx_HAL_Driver/Src/stm32f4xx_hal_dma.o
                0x00000000080030aa                HAL_DMA_Abort_IT
 *fill*         0x00000000080030ee        0x2 
 .text.HAL_GPIO_Init
                0x00000000080030f0      0x308 ./Drivers/STM32F4xx_HAL_Driver/Src/stm32f4xx_hal_gpio.o
                0x00000000080030f0                HAL_GPIO_Init
 .text.HAL_GPIO_DeInit
                0x00000000080033f8      0x1c8 ./Drivers/STM32F4xx_HAL_Driver/Src/stm32f4xx_hal_gpio.o
                0x00000000080033f8                HAL_GPIO_DeInit
 .text.HAL_GPIO_WritePin
                0x00000000080035c0       0x32 ./Drivers/STM32F4xx_HAL_Driver/Src/stm32f4xx_hal_gpio.o
                0x00000000080035c0                HAL_GPIO_WritePin
 .text.HAL_GPIO_TogglePin
                0x00000000080035f2       0x34 ./Drivers/STM32F4xx_HAL_Driver/Src/stm32f4xx_hal_gpio.o
                0x00000000080035f2                HAL_GPIO_TogglePin
 *fill*         0x0000000008003626        0x2 
 .text.HAL_RCC_OscConfig
                0x0000000008003628      0x4f0 ./Drivers/STM32F4xx_HAL_Driver/Src/stm32f4xx_hal_rcc.o
                0x0000000008003628                HAL_RCC_OscConfig
 .text.HAL_RCC_ClockConfig
                0x0000000008003b18      0x1cc ./Drivers/STM32F4xx_HAL_Driver/Src/stm32f4xx_hal_rcc.o
                0x0000000008003b18                HAL_RCC_ClockConfig
 .text.HAL_RCC_GetSysClockFreq
                0x0000000008003ce4      0x18c ./Drivers/STM32F4xx_HAL_Driver/Src/stm32f4xx_hal_rcc.o
                0x0000000008003ce4                HAL_RCC_GetSysClockFreq
 .text.HAL_RCC_GetHCLKFreq
                0x0000000008003e70       0x18 ./Drivers/STM32F4xx_HAL_Driver/Src/stm32f4xx_hal_rcc.o
                0x0000000008003e70                HAL_RCC_GetHCLKFreq
 .text.HAL_RCC_GetPCLK1Freq
                0x0000000008003e88       0x28 ./Drivers/STM32F4xx_HAL_Driver/Src/stm32f4xx_hal_rcc.o
                0x0000000008003e88                HAL_RCC_GetPCLK1Freq
 .text.HAL_RCC_GetPCLK2Freq
                0x0000000008003eb0       0x28 ./Drivers/STM32F4xx_HAL_Driver/Src/stm32f4xx_hal_rcc.o
                0x0000000008003eb0                HAL_RCC_GetPCLK2Freq
 .text.HAL_SPI_Init
                0x0000000008003ed8      0x112 ./Drivers/STM32F4xx_HAL_Driver/Src/stm32f4xx_hal_spi.o
                0x0000000008003ed8                HAL_SPI_Init
 .text.HAL_SPI_TransmitReceive
                0x0000000008003fea      0x344 ./Drivers/STM32F4xx_HAL_Driver/Src/stm32f4xx_hal_spi.o
                0x0000000008003fea                HAL_SPI_TransmitReceive
 *fill*         0x000000000800432e        0x2 
 .text.SPI_WaitFlagStateUntilTimeout
                0x0000000008004330      0x110 ./Drivers/STM32F4xx_HAL_Driver/Src/stm32f4xx_hal_spi.o
 .text.SPI_EndRxTxTransaction
                0x0000000008004440       0x84 ./Drivers/STM32F4xx_HAL_Driver/Src/stm32f4xx_hal_spi.o
 .text.HAL_TIM_Base_Init
                0x00000000080044c4       0x9e ./Drivers/STM32F4xx_HAL_Driver/Src/stm32f4xx_hal_tim.o
                0x00000000080044c4                HAL_TIM_Base_Init
 .text.HAL_TIM_OC_Init
                0x0000000008004562       0x9e ./Drivers/STM32F4xx_HAL_Driver/Src/stm32f4xx_hal_tim.o
                0x0000000008004562                HAL_TIM_OC_Init
 .text.HAL_TIM_OC_MspInit
                0x0000000008004600       0x14 ./Drivers/STM32F4xx_HAL_Driver/Src/stm32f4xx_hal_tim.o
                0x0000000008004600                HAL_TIM_OC_MspInit
 .text.HAL_TIM_OC_Start_IT
                0x0000000008004614      0x1fc ./Drivers/STM32F4xx_HAL_Driver/Src/stm32f4xx_hal_tim.o
                0x0000000008004614                HAL_TIM_OC_Start_IT
 .text.HAL_TIM_OC_Stop_IT
                0x0000000008004810      0x164 ./Drivers/STM32F4xx_HAL_Driver/Src/stm32f4xx_hal_tim.o
                0x0000000008004810                HAL_TIM_OC_Stop_IT
 .text.HAL_TIM_OnePulse_Init
                0x0000000008004974       0xa0 ./Drivers/STM32F4xx_HAL_Driver/Src/stm32f4xx_hal_tim.o
                0x0000000008004974                HAL_TIM_OnePulse_Init
 .text.HAL_TIM_OnePulse_MspInit
                0x0000000008004a14       0x14 ./Drivers/STM32F4xx_HAL_Driver/Src/stm32f4xx_hal_tim.o
                0x0000000008004a14                HAL_TIM_OnePulse_MspInit
 .text.HAL_TIM_IRQHandler
                0x0000000008004a28      0x210 ./Drivers/STM32F4xx_HAL_Driver/Src/stm32f4xx_hal_tim.o
                0x0000000008004a28                HAL_TIM_IRQHandler
 .text.HAL_TIM_OC_ConfigChannel
                0x0000000008004c38       0xb8 ./Drivers/STM32F4xx_HAL_Driver/Src/stm32f4xx_hal_tim.o
                0x0000000008004c38                HAL_TIM_OC_ConfigChannel
 .text.HAL_TIM_ConfigClockSource
                0x0000000008004cf0      0x18e ./Drivers/STM32F4xx_HAL_Driver/Src/stm32f4xx_hal_tim.o
                0x0000000008004cf0                HAL_TIM_ConfigClockSource
 .text.HAL_TIM_PeriodElapsedCallback
                0x0000000008004e7e       0x14 ./Drivers/STM32F4xx_HAL_Driver/Src/stm32f4xx_hal_tim.o
                0x0000000008004e7e                HAL_TIM_PeriodElapsedCallback
 .text.HAL_TIM_IC_CaptureCallback
                0x0000000008004e92       0x14 ./Drivers/STM32F4xx_HAL_Driver/Src/stm32f4xx_hal_tim.o
                0x0000000008004e92                HAL_TIM_IC_CaptureCallback
 .text.HAL_TIM_PWM_PulseFinishedCallback
                0x0000000008004ea6       0x14 ./Drivers/STM32F4xx_HAL_Driver/Src/stm32f4xx_hal_tim.o
                0x0000000008004ea6                HAL_TIM_PWM_PulseFinishedCallback
 .text.HAL_TIM_TriggerCallback
                0x0000000008004eba       0x14 ./Drivers/STM32F4xx_HAL_Driver/Src/stm32f4xx_hal_tim.o
                0x0000000008004eba                HAL_TIM_TriggerCallback
 *fill*         0x0000000008004ece        0x2 
 .text.TIM_Base_SetConfig
                0x0000000008004ed0      0x100 ./Drivers/STM32F4xx_HAL_Driver/Src/stm32f4xx_hal_tim.o
                0x0000000008004ed0                TIM_Base_SetConfig
 .text.TIM_OC1_SetConfig
                0x0000000008004fd0       0xcc ./Drivers/STM32F4xx_HAL_Driver/Src/stm32f4xx_hal_tim.o
 .text.TIM_OC2_SetConfig
                0x000000000800509c       0xd8 ./Drivers/STM32F4xx_HAL_Driver/Src/stm32f4xx_hal_tim.o
                0x000000000800509c                TIM_OC2_SetConfig
 .text.TIM_OC3_SetConfig
                0x0000000008005174       0xd4 ./Drivers/STM32F4xx_HAL_Driver/Src/stm32f4xx_hal_tim.o
 .text.TIM_OC4_SetConfig
                0x0000000008005248       0xa0 ./Drivers/STM32F4xx_HAL_Driver/Src/stm32f4xx_hal_tim.o
 .text.TIM_TI1_ConfigInputStage
                0x00000000080052e8       0x5e ./Drivers/STM32F4xx_HAL_Driver/Src/stm32f4xx_hal_tim.o
 .text.TIM_TI2_ConfigInputStage
                0x0000000008005346       0x60 ./Drivers/STM32F4xx_HAL_Driver/Src/stm32f4xx_hal_tim.o
 .text.TIM_ITRx_SetConfig
                0x00000000080053a6       0x36 ./Drivers/STM32F4xx_HAL_Driver/Src/stm32f4xx_hal_tim.o
 .text.TIM_ETR_SetConfig
                0x00000000080053dc       0x40 ./Drivers/STM32F4xx_HAL_Driver/Src/stm32f4xx_hal_tim.o
                0x00000000080053dc                TIM_ETR_SetConfig
 .text.TIM_CCxChannelCmd
                0x000000000800541c       0x4a ./Drivers/STM32F4xx_HAL_Driver/Src/stm32f4xx_hal_tim.o
                0x000000000800541c                TIM_CCxChannelCmd
 *fill*         0x0000000008005466        0x2 
 .text.HAL_TIMEx_MasterConfigSynchronization
                0x0000000008005468       0xdc ./Drivers/STM32F4xx_HAL_Driver/Src/stm32f4xx_hal_tim_ex.o
                0x0000000008005468                HAL_TIMEx_MasterConfigSynchronization
 .text.HAL_TIMEx_CommutCallback
                0x0000000008005544       0x14 ./Drivers/STM32F4xx_HAL_Driver/Src/stm32f4xx_hal_tim_ex.o
                0x0000000008005544                HAL_TIMEx_CommutCallback
 .text.HAL_TIMEx_BreakCallback
                0x0000000008005558       0x14 ./Drivers/STM32F4xx_HAL_Driver/Src/stm32f4xx_hal_tim_ex.o
                0x0000000008005558                HAL_TIMEx_BreakCallback
 .text.HAL_UART_Init
                0x000000000800556c       0x9a ./Drivers/STM32F4xx_HAL_Driver/Src/stm32f4xx_hal_uart.o
                0x000000000800556c                HAL_UART_Init
 .text.HAL_UART_DeInit
                0x0000000008005606       0x5e ./Drivers/STM32F4xx_HAL_Driver/Src/stm32f4xx_hal_uart.o
                0x0000000008005606                HAL_UART_DeInit
 .text.HAL_UART_Transmit
                0x0000000008005664      0x124 ./Drivers/STM32F4xx_HAL_Driver/Src/stm32f4xx_hal_uart.o
                0x0000000008005664                HAL_UART_Transmit
 .text.HAL_UART_Transmit_IT
                0x0000000008005788       0x8a ./Drivers/STM32F4xx_HAL_Driver/Src/stm32f4xx_hal_uart.o
                0x0000000008005788                HAL_UART_Transmit_IT
 .text.HAL_UART_Receive_IT
                0x0000000008005812       0x60 ./Drivers/STM32F4xx_HAL_Driver/Src/stm32f4xx_hal_uart.o
                0x0000000008005812                HAL_UART_Receive_IT
 *fill*         0x0000000008005872        0x2 
 .text.HAL_UART_IRQHandler
                0x0000000008005874      0x51c ./Drivers/STM32F4xx_HAL_Driver/Src/stm32f4xx_hal_uart.o
                0x0000000008005874                HAL_UART_IRQHandler
 .text.HAL_UART_TxCpltCallback
                0x0000000008005d90       0x14 ./Drivers/STM32F4xx_HAL_Driver/Src/stm32f4xx_hal_uart.o
                0x0000000008005d90                HAL_UART_TxCpltCallback
 .text.HAL_UARTEx_RxEventCallback
                0x0000000008005da4       0x18 ./Drivers/STM32F4xx_HAL_Driver/Src/stm32f4xx_hal_uart.o
                0x0000000008005da4                HAL_UARTEx_RxEventCallback
 .text.UART_WaitOnFlagUntilTimeout
                0x0000000008005dbc       0xdc ./Drivers/STM32F4xx_HAL_Driver/Src/stm32f4xx_hal_uart.o
 .text.UART_Start_Receive_IT
                0x0000000008005e98       0x7c ./Drivers/STM32F4xx_HAL_Driver/Src/stm32f4xx_hal_uart.o
                0x0000000008005e98                UART_Start_Receive_IT
 .text.UART_EndRxTransfer
                0x0000000008005f14       0xc6 ./Drivers/STM32F4xx_HAL_Driver/Src/stm32f4xx_hal_uart.o
 .text.UART_DMAAbortOnError
                0x0000000008005fda       0x28 ./Drivers/STM32F4xx_HAL_Driver/Src/stm32f4xx_hal_uart.o
 .text.UART_Transmit_IT
                0x0000000008006002       0xa0 ./Drivers/STM32F4xx_HAL_Driver/Src/stm32f4xx_hal_uart.o
 .text.UART_EndTransmit_IT
                0x00000000080060a2       0x30 ./Drivers/STM32F4xx_HAL_Driver/Src/stm32f4xx_hal_uart.o
 .text.UART_Receive_IT
                0x00000000080060d2      0x176 ./Drivers/STM32F4xx_HAL_Driver/Src/stm32f4xx_hal_uart.o
 .text.UART_SetConfig
                0x0000000008006248      0x4e8 ./Drivers/STM32F4xx_HAL_Driver/Src/stm32f4xx_hal_uart.o
 .text.HW_RESET
                0x0000000008006730       0x50 ./ESP8266/ESP8266_Chelo.o
                0x0000000008006730                HW_RESET
 .text.NOP      0x0000000008006780       0x2c ./ESP8266/ESP8266_Chelo.o
                0x0000000008006780                NOP
 .text.Cambiar_CWMODE
                0x00000000080067ac       0x2c ./ESP8266/ESP8266_Chelo.o
                0x00000000080067ac                Cambiar_CWMODE
 .text.ConectarWIFI
                0x00000000080067d8       0x2c ./ESP8266/ESP8266_Chelo.o
                0x00000000080067d8                ConectarWIFI
 .text.MUX      0x0000000008006804       0x2c ./ESP8266/ESP8266_Chelo.o
                0x0000000008006804                MUX
 .text.IPDef    0x0000000008006830       0x2c ./ESP8266/ESP8266_Chelo.o
                0x0000000008006830                IPDef
 .text.DesconectarWIFI
                0x000000000800685c       0x2c ./ESP8266/ESP8266_Chelo.o
                0x000000000800685c                DesconectarWIFI
 .text.ConectarTCP
                0x0000000008006888       0x2c ./ESP8266/ESP8266_Chelo.o
                0x0000000008006888                ConectarTCP
 .text.CrearServidorTCP
                0x00000000080068b4       0x2c ./ESP8266/ESP8266_Chelo.o
                0x00000000080068b4                CrearServidorTCP
 .text.EnviarDatosSRVR
                0x00000000080068e0       0x2c ./ESP8266/ESP8266_Chelo.o
                0x00000000080068e0                EnviarDatosSRVR
 .text.EnviarDatos
                0x000000000800690c       0x2c ./ESP8266/ESP8266_Chelo.o
                0x000000000800690c                EnviarDatos
 .text.Inicializar
                0x0000000008006938      0x19e ./ESP8266/ESP8266_Chelo.o
                0x0000000008006938                Inicializar
 *fill*         0x0000000008006ad6        0x2 
 .text.AT_ESP8266_ND
                0x0000000008006ad8     0x3554 ./ESP8266/ESP8266_Chelo.o
                0x0000000008006ad8                AT_ESP8266_ND
 .text.WiFi_Conn_ND
                0x000000000800a02c     0x19f0 ./ESP8266/ESP8266_Chelo.o
                0x000000000800a02c                WiFi_Conn_ND
 .text.httpPOST2
                0x000000000800ba1c      0x2cc ./HTTP/http.o
                0x000000000800ba1c                httpPOST2
 .text.LoRa_Send
                0x000000000800bce8      0x15c ./LoRa/RYLR896.o
                0x000000000800bce8                LoRa_Send
 .text.LoRa_reset_sndTIMER
                0x000000000800be44       0x36 ./LoRa/RYLR896.o
                0x000000000800be44                LoRa_reset_sndTIMER
 *fill*         0x000000000800be7a        0x2 
 .text.LoRa_decode
                0x000000000800be7c      0x458 ./LoRa/RYLR896.o
                0x000000000800be7c                LoRa_decode
 .text.Lora_idSTR
                0x000000000800c2d4      0x4e4 ./LoRa/RYLR896.o
                0x000000000800c2d4                Lora_idSTR
 .text.Lora_rx_del
                0x000000000800c7b8       0x32 ./LoRa/RYLR896.o
                0x000000000800c7b8                Lora_rx_del
 *fill*         0x000000000800c7ea        0x2 
 .text.ModBUS_Config
                0x000000000800c7ec       0xa8 ./ModBUS/ModBUS_Chelo.o
                0x000000000800c7ec                ModBUS_Config
 .text.ModBUS_Check
                0x000000000800c894       0x3e ./ModBUS/ModBUS_Chelo.o
                0x000000000800c894                ModBUS_Check
 .text.ModBUS_Check_tid
                0x000000000800c8d2       0x60 ./ModBUS/ModBUS_Chelo.o
                0x000000000800c8d2                ModBUS_Check_tid
 .text.ModBUS_F03_Assign
                0x000000000800c932       0x5e ./ModBUS/ModBUS_Chelo.o
                0x000000000800c932                ModBUS_F03_Assign
 .text.ModBUS_F03_Read
                0x000000000800c990       0x5e ./ModBUS/ModBUS_Chelo.o
                0x000000000800c990                ModBUS_F03_Read
 .text.ModBUS_F03_Request
                0x000000000800c9ee       0xac ./ModBUS/ModBUS_Chelo.o
                0x000000000800c9ee                ModBUS_F03_Request
 *fill*         0x000000000800ca9a        0x2 
 .text.ModBUS   0x000000000800ca9c     0x13d4 ./ModBUS/ModBUS_Chelo.o
                0x000000000800ca9c                ModBUS
 .text.SPI_ETH  0x000000000800de70       0x4e ./STM32_ETH_W5100/ETH_W5100.o
                0x000000000800de70                SPI_ETH
 .text.SPI_ETH_REG
                0x000000000800debe       0xf0 ./STM32_ETH_W5100/ETH_W5100.o
                0x000000000800debe                SPI_ETH_REG
 .text.SPI_ETH_WR_REG_16
                0x000000000800dfae       0x78 ./STM32_ETH_W5100/ETH_W5100.o
                0x000000000800dfae                SPI_ETH_WR_REG_16
 .text.SPI_ETH_RD_RCV_REG_16
                0x000000000800e026       0x7a ./STM32_ETH_W5100/ETH_W5100.o
                0x000000000800e026                SPI_ETH_RD_RCV_REG_16
 .text.SPI_ETH_WR_TX_REG_16
                0x000000000800e0a0       0x74 ./STM32_ETH_W5100/ETH_W5100.o
                0x000000000800e0a0                SPI_ETH_WR_TX_REG_16
 .text.eth_wr_SOCKET_CMD
                0x000000000800e114       0x3c ./STM32_ETH_W5100/ETH_W5100.o
                0x000000000800e114                eth_wr_SOCKET_CMD
 .text.eth_wr_SOCKET_MODE
                0x000000000800e150       0x3c ./STM32_ETH_W5100/ETH_W5100.o
                0x000000000800e150                eth_wr_SOCKET_MODE
 .text.eth_init
                0x000000000800e18c       0xac ./STM32_ETH_W5100/ETH_W5100.o
                0x000000000800e18c                eth_init
 .text.eth_socket_init
                0x000000000800e238       0xb0 ./STM32_ETH_W5100/ETH_W5100.o
                0x000000000800e238                eth_socket_init
 .text.eth_rd_SOCKET_STAT
                0x000000000800e2e8       0x3a ./STM32_ETH_W5100/ETH_W5100.o
                0x000000000800e2e8                eth_rd_SOCKET_STAT
 .text.eth_rd_SOCKET_CMD
                0x000000000800e322       0x3a ./STM32_ETH_W5100/ETH_W5100.o
                0x000000000800e322                eth_rd_SOCKET_CMD
 .text.eth_rd_SOCKET_DATA
                0x000000000800e35c      0x1a0 ./STM32_ETH_W5100/ETH_W5100.o
                0x000000000800e35c                eth_rd_SOCKET_DATA
 .text.eth_wr_SOCKET_DATA
                0x000000000800e4fc      0x1c8 ./STM32_ETH_W5100/ETH_W5100.o
                0x000000000800e4fc                eth_wr_SOCKET_DATA
 .text.FT_String_ND
                0x000000000800e6c4      0x690 ./STRING/STR_Chelo.o
                0x000000000800e6c4                FT_String_ND
 .text.INTOA    0x000000000800ed54       0x68 ./STRING/STR_Chelo.o
                0x000000000800ed54                INTOA
 .text.FTOA     0x000000000800edbc       0xec ./STRING/STR_Chelo.o
                0x000000000800edbc                FTOA
 .text.CopiaVector
                0x000000000800eea8       0x96 ./STRING/STR_Chelo.o
                0x000000000800eea8                CopiaVector
 .text.atoi     0x000000000800ef3e        0x8 C:/ST/STM32CubeIDE_1.13.1/STM32CubeIDE/plugins/com.st.stm32cube.ide.mcu.externaltools.gnu-tools-for-stm32.11.3.rel1.win32_1.1.0.202305231506/tools/bin/../lib/gcc/arm-none-eabi/11.3.1/../../../../arm-none-eabi/lib/thumb/v7e-m+fp/hard\libc_nano.a(libc_a-atoi.o)
                0x000000000800ef3e                atoi
 .text.__itoa   0x000000000800ef46       0x30 C:/ST/STM32CubeIDE_1.13.1/STM32CubeIDE/plugins/com.st.stm32cube.ide.mcu.externaltools.gnu-tools-for-stm32.11.3.rel1.win32_1.1.0.202305231506/tools/bin/../lib/gcc/arm-none-eabi/11.3.1/../../../../arm-none-eabi/lib/thumb/v7e-m+fp/hard\libc_nano.a(libc_a-itoa.o)
                0x000000000800ef46                __itoa
 .text.itoa     0x000000000800ef76        0x4 C:/ST/STM32CubeIDE_1.13.1/STM32CubeIDE/plugins/com.st.stm32cube.ide.mcu.externaltools.gnu-tools-for-stm32.11.3.rel1.win32_1.1.0.202305231506/tools/bin/../lib/gcc/arm-none-eabi/11.3.1/../../../../arm-none-eabi/lib/thumb/v7e-m+fp/hard\libc_nano.a(libc_a-itoa.o)
                0x000000000800ef76                itoa
 *fill*         0x000000000800ef7a        0x2 
 .text._strtol_l.constprop.0
                0x000000000800ef7c      0x104 C:/ST/STM32CubeIDE_1.13.1/STM32CubeIDE/plugins/com.st.stm32cube.ide.mcu.externaltools.gnu-tools-for-stm32.11.3.rel1.win32_1.1.0.202305231506/tools/bin/../lib/gcc/arm-none-eabi/11.3.1/../../../../arm-none-eabi/lib/thumb/v7e-m+fp/hard\libc_nano.a(libc_a-strtol.o)
 .text.strtol   0x000000000800f080       0x14 C:/ST/STM32CubeIDE_1.13.1/STM32CubeIDE/plugins/com.st.stm32cube.ide.mcu.externaltools.gnu-tools-for-stm32.11.3.rel1.win32_1.1.0.202305231506/tools/bin/../lib/gcc/arm-none-eabi/11.3.1/../../../../arm-none-eabi/lib/thumb/v7e-m+fp/hard\libc_nano.a(libc_a-strtol.o)
                0x000000000800f080                strtol
 .text.__utoa   0x000000000800f094       0x84 C:/ST/STM32CubeIDE_1.13.1/STM32CubeIDE/plugins/com.st.stm32cube.ide.mcu.externaltools.gnu-tools-for-stm32.11.3.rel1.win32_1.1.0.202305231506/tools/bin/../lib/gcc/arm-none-eabi/11.3.1/../../../../arm-none-eabi/lib/thumb/v7e-m+fp/hard\libc_nano.a(libc_a-utoa.o)
                0x000000000800f094                __utoa
 .text.std      0x000000000800f118       0x48 C:/ST/STM32CubeIDE_1.13.1/STM32CubeIDE/plugins/com.st.stm32cube.ide.mcu.externaltools.gnu-tools-for-stm32.11.3.rel1.win32_1.1.0.202305231506/tools/bin/../lib/gcc/arm-none-eabi/11.3.1/../../../../arm-none-eabi/lib/thumb/v7e-m+fp/hard\libc_nano.a(libc_a-findfp.o)
 .text.stdio_exit_handler
                0x000000000800f160       0x18 C:/ST/STM32CubeIDE_1.13.1/STM32CubeIDE/plugins/com.st.stm32cube.ide.mcu.externaltools.gnu-tools-for-stm32.11.3.rel1.win32_1.1.0.202305231506/tools/bin/../lib/gcc/arm-none-eabi/11.3.1/../../../../arm-none-eabi/lib/thumb/v7e-m+fp/hard\libc_nano.a(libc_a-findfp.o)
 .text.cleanup_stdio
                0x000000000800f178       0x40 C:/ST/STM32CubeIDE_1.13.1/STM32CubeIDE/plugins/com.st.stm32cube.ide.mcu.externaltools.gnu-tools-for-stm32.11.3.rel1.win32_1.1.0.202305231506/tools/bin/../lib/gcc/arm-none-eabi/11.3.1/../../../../arm-none-eabi/lib/thumb/v7e-m+fp/hard\libc_nano.a(libc_a-findfp.o)
 .text.global_stdio_init.part.0
                0x000000000800f1b8       0x3c C:/ST/STM32CubeIDE_1.13.1/STM32CubeIDE/plugins/com.st.stm32cube.ide.mcu.externaltools.gnu-tools-for-stm32.11.3.rel1.win32_1.1.0.202305231506/tools/bin/../lib/gcc/arm-none-eabi/11.3.1/../../../../arm-none-eabi/lib/thumb/v7e-m+fp/hard\libc_nano.a(libc_a-findfp.o)
 .text.__sfp_lock_acquire
                0x000000000800f1f4        0xc C:/ST/STM32CubeIDE_1.13.1/STM32CubeIDE/plugins/com.st.stm32cube.ide.mcu.externaltools.gnu-tools-for-stm32.11.3.rel1.win32_1.1.0.202305231506/tools/bin/../lib/gcc/arm-none-eabi/11.3.1/../../../../arm-none-eabi/lib/thumb/v7e-m+fp/hard\libc_nano.a(libc_a-findfp.o)
                0x000000000800f1f4                __sfp_lock_acquire
 .text.__sfp_lock_release
                0x000000000800f200        0xc C:/ST/STM32CubeIDE_1.13.1/STM32CubeIDE/plugins/com.st.stm32cube.ide.mcu.externaltools.gnu-tools-for-stm32.11.3.rel1.win32_1.1.0.202305231506/tools/bin/../lib/gcc/arm-none-eabi/11.3.1/../../../../arm-none-eabi/lib/thumb/v7e-m+fp/hard\libc_nano.a(libc_a-findfp.o)
                0x000000000800f200                __sfp_lock_release
 .text.__sinit  0x000000000800f20c       0x30 C:/ST/STM32CubeIDE_1.13.1/STM32CubeIDE/plugins/com.st.stm32cube.ide.mcu.externaltools.gnu-tools-for-stm32.11.3.rel1.win32_1.1.0.202305231506/tools/bin/../lib/gcc/arm-none-eabi/11.3.1/../../../../arm-none-eabi/lib/thumb/v7e-m+fp/hard\libc_nano.a(libc_a-findfp.o)
                0x000000000800f20c                __sinit
 .text._fwalk_sglue
                0x000000000800f23c       0x3c C:/ST/STM32CubeIDE_1.13.1/STM32CubeIDE/plugins/com.st.stm32cube.ide.mcu.externaltools.gnu-tools-for-stm32.11.3.rel1.win32_1.1.0.202305231506/tools/bin/../lib/gcc/arm-none-eabi/11.3.1/../../../../arm-none-eabi/lib/thumb/v7e-m+fp/hard\libc_nano.a(libc_a-fwalk.o)
                0x000000000800f23c                _fwalk_sglue
 .text.sprintf  0x000000000800f278       0x40 C:/ST/STM32CubeIDE_1.13.1/STM32CubeIDE/plugins/com.st.stm32cube.ide.mcu.externaltools.gnu-tools-for-stm32.11.3.rel1.win32_1.1.0.202305231506/tools/bin/../lib/gcc/arm-none-eabi/11.3.1/../../../../arm-none-eabi/lib/thumb/v7e-m+fp/hard\libc_nano.a(libc_a-sprintf.o)
                0x000000000800f278                siprintf
                0x000000000800f278                sprintf
 .text.__sread  0x000000000800f2b8       0x22 C:/ST/STM32CubeIDE_1.13.1/STM32CubeIDE/plugins/com.st.stm32cube.ide.mcu.externaltools.gnu-tools-for-stm32.11.3.rel1.win32_1.1.0.202305231506/tools/bin/../lib/gcc/arm-none-eabi/11.3.1/../../../../arm-none-eabi/lib/thumb/v7e-m+fp/hard\libc_nano.a(libc_a-stdio.o)
                0x000000000800f2b8                __sread
 .text.__swrite
                0x000000000800f2da       0x38 C:/ST/STM32CubeIDE_1.13.1/STM32CubeIDE/plugins/com.st.stm32cube.ide.mcu.externaltools.gnu-tools-for-stm32.11.3.rel1.win32_1.1.0.202305231506/tools/bin/../lib/gcc/arm-none-eabi/11.3.1/../../../../arm-none-eabi/lib/thumb/v7e-m+fp/hard\libc_nano.a(libc_a-stdio.o)
                0x000000000800f2da                __swrite
 .text.__sseek  0x000000000800f312       0x24 C:/ST/STM32CubeIDE_1.13.1/STM32CubeIDE/plugins/com.st.stm32cube.ide.mcu.externaltools.gnu-tools-for-stm32.11.3.rel1.win32_1.1.0.202305231506/tools/bin/../lib/gcc/arm-none-eabi/11.3.1/../../../../arm-none-eabi/lib/thumb/v7e-m+fp/hard\libc_nano.a(libc_a-stdio.o)
                0x000000000800f312                __sseek
 .text.__sclose
                0x000000000800f336        0x8 C:/ST/STM32CubeIDE_1.13.1/STM32CubeIDE/plugins/com.st.stm32cube.ide.mcu.externaltools.gnu-tools-for-stm32.11.3.rel1.win32_1.1.0.202305231506/tools/bin/../lib/gcc/arm-none-eabi/11.3.1/../../../../arm-none-eabi/lib/thumb/v7e-m+fp/hard\libc_nano.a(libc_a-stdio.o)
                0x000000000800f336                __sclose
 .text.memset   0x000000000800f33e       0x10 C:/ST/STM32CubeIDE_1.13.1/STM32CubeIDE/plugins/com.st.stm32cube.ide.mcu.externaltools.gnu-tools-for-stm32.11.3.rel1.win32_1.1.0.202305231506/tools/bin/../lib/gcc/arm-none-eabi/11.3.1/../../../../arm-none-eabi/lib/thumb/v7e-m+fp/hard\libc_nano.a(libc_a-memset.o)
                0x000000000800f33e                memset
 .text.strncat  0x000000000800f34e       0x26 C:/ST/STM32CubeIDE_1.13.1/STM32CubeIDE/plugins/com.st.stm32cube.ide.mcu.externaltools.gnu-tools-for-stm32.11.3.rel1.win32_1.1.0.202305231506/tools/bin/../lib/gcc/arm-none-eabi/11.3.1/../../../../arm-none-eabi/lib/thumb/v7e-m+fp/hard\libc_nano.a(libc_a-strncat.o)
                0x000000000800f34e                strncat
 .text.strtok   0x000000000800f374       0x68 C:/ST/STM32CubeIDE_1.13.1/STM32CubeIDE/plugins/com.st.stm32cube.ide.mcu.externaltools.gnu-tools-for-stm32.11.3.rel1.win32_1.1.0.202305231506/tools/bin/../lib/gcc/arm-none-eabi/11.3.1/../../../../arm-none-eabi/lib/thumb/v7e-m+fp/hard\libc_nano.a(libc_a-strtok.o)
                0x000000000800f374                strtok
 .text.__strtok_r
                0x000000000800f3dc       0x50 C:/ST/STM32CubeIDE_1.13.1/STM32CubeIDE/plugins/com.st.stm32cube.ide.mcu.externaltools.gnu-tools-for-stm32.11.3.rel1.win32_1.1.0.202305231506/tools/bin/../lib/gcc/arm-none-eabi/11.3.1/../../../../arm-none-eabi/lib/thumb/v7e-m+fp/hard\libc_nano.a(libc_a-strtok_r.o)
                0x000000000800f3dc                __strtok_r
 .text._close_r
                0x000000000800f42c       0x20 C:/ST/STM32CubeIDE_1.13.1/STM32CubeIDE/plugins/com.st.stm32cube.ide.mcu.externaltools.gnu-tools-for-stm32.11.3.rel1.win32_1.1.0.202305231506/tools/bin/../lib/gcc/arm-none-eabi/11.3.1/../../../../arm-none-eabi/lib/thumb/v7e-m+fp/hard\libc_nano.a(libc_a-closer.o)
                0x000000000800f42c                _close_r
 .text._lseek_r
                0x000000000800f44c       0x24 C:/ST/STM32CubeIDE_1.13.1/STM32CubeIDE/plugins/com.st.stm32cube.ide.mcu.externaltools.gnu-tools-for-stm32.11.3.rel1.win32_1.1.0.202305231506/tools/bin/../lib/gcc/arm-none-eabi/11.3.1/../../../../arm-none-eabi/lib/thumb/v7e-m+fp/hard\libc_nano.a(libc_a-lseekr.o)
                0x000000000800f44c                _lseek_r
 .text._read_r  0x000000000800f470       0x24 C:/ST/STM32CubeIDE_1.13.1/STM32CubeIDE/plugins/com.st.stm32cube.ide.mcu.externaltools.gnu-tools-for-stm32.11.3.rel1.win32_1.1.0.202305231506/tools/bin/../lib/gcc/arm-none-eabi/11.3.1/../../../../arm-none-eabi/lib/thumb/v7e-m+fp/hard\libc_nano.a(libc_a-readr.o)
                0x000000000800f470                _read_r
 .text._write_r
                0x000000000800f494       0x24 C:/ST/STM32CubeIDE_1.13.1/STM32CubeIDE/plugins/com.st.stm32cube.ide.mcu.externaltools.gnu-tools-for-stm32.11.3.rel1.win32_1.1.0.202305231506/tools/bin/../lib/gcc/arm-none-eabi/11.3.1/../../../../arm-none-eabi/lib/thumb/v7e-m+fp/hard\libc_nano.a(libc_a-writer.o)
                0x000000000800f494                _write_r
 .text.__errno  0x000000000800f4b8        0xc C:/ST/STM32CubeIDE_1.13.1/STM32CubeIDE/plugins/com.st.stm32cube.ide.mcu.externaltools.gnu-tools-for-stm32.11.3.rel1.win32_1.1.0.202305231506/tools/bin/../lib/gcc/arm-none-eabi/11.3.1/../../../../arm-none-eabi/lib/thumb/v7e-m+fp/hard\libc_nano.a(libc_a-errno.o)
                0x000000000800f4b8                __errno
 .text.__libc_init_array
                0x000000000800f4c4       0x48 C:/ST/STM32CubeIDE_1.13.1/STM32CubeIDE/plugins/com.st.stm32cube.ide.mcu.externaltools.gnu-tools-for-stm32.11.3.rel1.win32_1.1.0.202305231506/tools/bin/../lib/gcc/arm-none-eabi/11.3.1/../../../../arm-none-eabi/lib/thumb/v7e-m+fp/hard\libc_nano.a(libc_a-init.o)
                0x000000000800f4c4                __libc_init_array
 .text.__retarget_lock_acquire_recursive
                0x000000000800f50c        0x2 C:/ST/STM32CubeIDE_1.13.1/STM32CubeIDE/plugins/com.st.stm32cube.ide.mcu.externaltools.gnu-tools-for-stm32.11.3.rel1.win32_1.1.0.202305231506/tools/bin/../lib/gcc/arm-none-eabi/11.3.1/../../../../arm-none-eabi/lib/thumb/v7e-m+fp/hard\libc_nano.a(libc_a-lock.o)
                0x000000000800f50c                __retarget_lock_acquire_recursive
 .text.__retarget_lock_release_recursive
                0x000000000800f50e        0x2 C:/ST/STM32CubeIDE_1.13.1/STM32CubeIDE/plugins/com.st.stm32cube.ide.mcu.externaltools.gnu-tools-for-stm32.11.3.rel1.win32_1.1.0.202305231506/tools/bin/../lib/gcc/arm-none-eabi/11.3.1/../../../../arm-none-eabi/lib/thumb/v7e-m+fp/hard\libc_nano.a(libc_a-lock.o)
                0x000000000800f50e                __retarget_lock_release_recursive
 .text.strcpy   0x000000000800f510       0x10 C:/ST/STM32CubeIDE_1.13.1/STM32CubeIDE/plugins/com.st.stm32cube.ide.mcu.externaltools.gnu-tools-for-stm32.11.3.rel1.win32_1.1.0.202305231506/tools/bin/../lib/gcc/arm-none-eabi/11.3.1/../../../../arm-none-eabi/lib/thumb/v7e-m+fp/hard\libc_nano.a(libc_a-strcpy.o)
                0x000000000800f510                strcpy
 .text.__assert_func
                0x000000000800f520       0x3c C:/ST/STM32CubeIDE_1.13.1/STM32CubeIDE/plugins/com.st.stm32cube.ide.mcu.externaltools.gnu-tools-for-stm32.11.3.rel1.win32_1.1.0.202305231506/tools/bin/../lib/gcc/arm-none-eabi/11.3.1/../../../../arm-none-eabi/lib/thumb/v7e-m+fp/hard\libc_nano.a(libc_a-assert.o)
                0x000000000800f520                __assert_func
 .text._free_r  0x000000000800f55c       0x98 C:/ST/STM32CubeIDE_1.13.1/STM32CubeIDE/plugins/com.st.stm32cube.ide.mcu.externaltools.gnu-tools-for-stm32.11.3.rel1.win32_1.1.0.202305231506/tools/bin/../lib/gcc/arm-none-eabi/11.3.1/../../../../arm-none-eabi/lib/thumb/v7e-m+fp/hard\libc_nano.a(libc_a-freer.o)
                0x000000000800f55c                _free_r
 .text.malloc   0x000000000800f5f4       0x10 C:/ST/STM32CubeIDE_1.13.1/STM32CubeIDE/plugins/com.st.stm32cube.ide.mcu.externaltools.gnu-tools-for-stm32.11.3.rel1.win32_1.1.0.202305231506/tools/bin/../lib/gcc/arm-none-eabi/11.3.1/../../../../arm-none-eabi/lib/thumb/v7e-m+fp/hard\libc_nano.a(libc_a-malloc.o)
                0x000000000800f5f4                malloc
 .text.sbrk_aligned
                0x000000000800f604       0x40 C:/ST/STM32CubeIDE_1.13.1/STM32CubeIDE/plugins/com.st.stm32cube.ide.mcu.externaltools.gnu-tools-for-stm32.11.3.rel1.win32_1.1.0.202305231506/tools/bin/../lib/gcc/arm-none-eabi/11.3.1/../../../../arm-none-eabi/lib/thumb/v7e-m+fp/hard\libc_nano.a(libc_a-mallocr.o)
 .text._malloc_r
                0x000000000800f644      0x100 C:/ST/STM32CubeIDE_1.13.1/STM32CubeIDE/plugins/com.st.stm32cube.ide.mcu.externaltools.gnu-tools-for-stm32.11.3.rel1.win32_1.1.0.202305231506/tools/bin/../lib/gcc/arm-none-eabi/11.3.1/../../../../arm-none-eabi/lib/thumb/v7e-m+fp/hard\libc_nano.a(libc_a-mallocr.o)
                0x000000000800f644                _malloc_r
 .text.__malloc_lock
                0x000000000800f744        0xc C:/ST/STM32CubeIDE_1.13.1/STM32CubeIDE/plugins/com.st.stm32cube.ide.mcu.externaltools.gnu-tools-for-stm32.11.3.rel1.win32_1.1.0.202305231506/tools/bin/../lib/gcc/arm-none-eabi/11.3.1/../../../../arm-none-eabi/lib/thumb/v7e-m+fp/hard\libc_nano.a(libc_a-mlock.o)
                0x000000000800f744                __malloc_lock
 .text.__malloc_unlock
                0x000000000800f750        0xc C:/ST/STM32CubeIDE_1.13.1/STM32CubeIDE/plugins/com.st.stm32cube.ide.mcu.externaltools.gnu-tools-for-stm32.11.3.rel1.win32_1.1.0.202305231506/tools/bin/../lib/gcc/arm-none-eabi/11.3.1/../../../../arm-none-eabi/lib/thumb/v7e-m+fp/hard\libc_nano.a(libc_a-mlock.o)
                0x000000000800f750                __malloc_unlock
 .text.__ssputs_r
                0x000000000800f75c       0xb4 C:/ST/STM32CubeIDE_1.13.1/STM32CubeIDE/plugins/com.st.stm32cube.ide.mcu.externaltools.gnu-tools-for-stm32.11.3.rel1.win32_1.1.0.202305231506/tools/bin/../lib/gcc/arm-none-eabi/11.3.1/../../../../arm-none-eabi/lib/thumb/v7e-m+fp/hard\libc_nano.a(libc_a-nano-svfprintf.o)
                0x000000000800f75c                __ssputs_r
 .text._svfprintf_r
                0x000000000800f810      0x1fc C:/ST/STM32CubeIDE_1.13.1/STM32CubeIDE/plugins/com.st.stm32cube.ide.mcu.externaltools.gnu-tools-for-stm32.11.3.rel1.win32_1.1.0.202305231506/tools/bin/../lib/gcc/arm-none-eabi/11.3.1/../../../../arm-none-eabi/lib/thumb/v7e-m+fp/hard\libc_nano.a(libc_a-nano-svfprintf.o)
                0x000000000800f810                _svfiprintf_r
                0x000000000800f810                _svfprintf_r
 .text._printf_common
                0x000000000800fa0c       0xda C:/ST/STM32CubeIDE_1.13.1/STM32CubeIDE/plugins/com.st.stm32cube.ide.mcu.externaltools.gnu-tools-for-stm32.11.3.rel1.win32_1.1.0.202305231506/tools/bin/../lib/gcc/arm-none-eabi/11.3.1/../../../../arm-none-eabi/lib/thumb/v7e-m+fp/hard\libc_nano.a(libc_a-nano-vfprintf_i.o)
                0x000000000800fa0c                _printf_common
 *fill*         0x000000000800fae6        0x2 
 .text._printf_i
                0x000000000800fae8      0x244 C:/ST/STM32CubeIDE_1.13.1/STM32CubeIDE/plugins/com.st.stm32cube.ide.mcu.externaltools.gnu-tools-for-stm32.11.3.rel1.win32_1.1.0.202305231506/tools/bin/../lib/gcc/arm-none-eabi/11.3.1/../../../../arm-none-eabi/lib/thumb/v7e-m+fp/hard\libc_nano.a(libc_a-nano-vfprintf_i.o)
                0x000000000800fae8                _printf_i
 .text.__sflush_r
                0x000000000800fd2c      0x10c C:/ST/STM32CubeIDE_1.13.1/STM32CubeIDE/plugins/com.st.stm32cube.ide.mcu.externaltools.gnu-tools-for-stm32.11.3.rel1.win32_1.1.0.202305231506/tools/bin/../lib/gcc/arm-none-eabi/11.3.1/../../../../arm-none-eabi/lib/thumb/v7e-m+fp/hard\libc_nano.a(libc_a-fflush.o)
                0x000000000800fd2c                __sflush_r
 .text._fflush_r
                0x000000000800fe38       0x50 C:/ST/STM32CubeIDE_1.13.1/STM32CubeIDE/plugins/com.st.stm32cube.ide.mcu.externaltools.gnu-tools-for-stm32.11.3.rel1.win32_1.1.0.202305231506/tools/bin/../lib/gcc/arm-none-eabi/11.3.1/../../../../arm-none-eabi/lib/thumb/v7e-m+fp/hard\libc_nano.a(libc_a-fflush.o)
                0x000000000800fe38                _fflush_r
 .text.fprintf  0x000000000800fe88       0x24 C:/ST/STM32CubeIDE_1.13.1/STM32CubeIDE/plugins/com.st.stm32cube.ide.mcu.externaltools.gnu-tools-for-stm32.11.3.rel1.win32_1.1.0.202305231506/tools/bin/../lib/gcc/arm-none-eabi/11.3.1/../../../../arm-none-eabi/lib/thumb/v7e-m+fp/hard\libc_nano.a(libc_a-fprintf.o)
                0x000000000800fe88                fiprintf
                0x000000000800fe88                fprintf
 .text.memmove  0x000000000800feac       0x34 C:/ST/STM32CubeIDE_1.13.1/STM32CubeIDE/plugins/com.st.stm32cube.ide.mcu.externaltools.gnu-tools-for-stm32.11.3.rel1.win32_1.1.0.202305231506/tools/bin/../lib/gcc/arm-none-eabi/11.3.1/../../../../arm-none-eabi/lib/thumb/v7e-m+fp/hard\libc_nano.a(libc_a-memmove.o)
                0x000000000800feac                memmove
 .text._sbrk_r  0x000000000800fee0       0x20 C:/ST/STM32CubeIDE_1.13.1/STM32CubeIDE/plugins/com.st.stm32cube.ide.mcu.externaltools.gnu-tools-for-stm32.11.3.rel1.win32_1.1.0.202305231506/tools/bin/../lib/gcc/arm-none-eabi/11.3.1/../../../../arm-none-eabi/lib/thumb/v7e-m+fp/hard\libc_nano.a(libc_a-sbrkr.o)
                0x000000000800fee0                _sbrk_r
 .text.memcpy   0x000000000800ff00       0x1c C:/ST/STM32CubeIDE_1.13.1/STM32CubeIDE/plugins/com.st.stm32cube.ide.mcu.externaltools.gnu-tools-for-stm32.11.3.rel1.win32_1.1.0.202305231506/tools/bin/../lib/gcc/arm-none-eabi/11.3.1/../../../../arm-none-eabi/lib/thumb/v7e-m+fp/hard\libc_nano.a(libc_a-memcpy-stub.o)
                0x000000000800ff00                memcpy
 .text.abort    0x000000000800ff1c        0xe C:/ST/STM32CubeIDE_1.13.1/STM32CubeIDE/plugins/com.st.stm32cube.ide.mcu.externaltools.gnu-tools-for-stm32.11.3.rel1.win32_1.1.0.202305231506/tools/bin/../lib/gcc/arm-none-eabi/11.3.1/../../../../arm-none-eabi/lib/thumb/v7e-m+fp/hard\libc_nano.a(libc_a-abort.o)
                0x000000000800ff1c                abort
 .text._realloc_r
                0x000000000800ff2a       0x5e C:/ST/STM32CubeIDE_1.13.1/STM32CubeIDE/plugins/com.st.stm32cube.ide.mcu.externaltools.gnu-tools-for-stm32.11.3.rel1.win32_1.1.0.202305231506/tools/bin/../lib/gcc/arm-none-eabi/11.3.1/../../../../arm-none-eabi/lib/thumb/v7e-m+fp/hard\libc_nano.a(libc_a-reallocr.o)
                0x000000000800ff2a                _realloc_r
 .text.__sfputc_r
                0x000000000800ff88       0x2e C:/ST/STM32CubeIDE_1.13.1/STM32CubeIDE/plugins/com.st.stm32cube.ide.mcu.externaltools.gnu-tools-for-stm32.11.3.rel1.win32_1.1.0.202305231506/tools/bin/../lib/gcc/arm-none-eabi/11.3.1/../../../../arm-none-eabi/lib/thumb/v7e-m+fp/hard\libc_nano.a(libc_a-nano-vfprintf.o)
 .text.__sfputs_r
                0x000000000800ffb6       0x24 C:/ST/STM32CubeIDE_1.13.1/STM32CubeIDE/plugins/com.st.stm32cube.ide.mcu.externaltools.gnu-tools-for-stm32.11.3.rel1.win32_1.1.0.202305231506/tools/bin/../lib/gcc/arm-none-eabi/11.3.1/../../../../arm-none-eabi/lib/thumb/v7e-m+fp/hard\libc_nano.a(libc_a-nano-vfprintf.o)
                0x000000000800ffb6                __sfputs_r
 *fill*         0x000000000800ffda        0x2 
 .text._vfprintf_r
                0x000000000800ffdc      0x234 C:/ST/STM32CubeIDE_1.13.1/STM32CubeIDE/plugins/com.st.stm32cube.ide.mcu.externaltools.gnu-tools-for-stm32.11.3.rel1.win32_1.1.0.202305231506/tools/bin/../lib/gcc/arm-none-eabi/11.3.1/../../../../arm-none-eabi/lib/thumb/v7e-m+fp/hard\libc_nano.a(libc_a-nano-vfprintf.o)
                0x000000000800ffdc                _vfprintf_r
                0x000000000800ffdc                _vfiprintf_r
 .text.__swbuf_r
                0x0000000008010210       0x7a C:/ST/STM32CubeIDE_1.13.1/STM32CubeIDE/plugins/com.st.stm32cube.ide.mcu.externaltools.gnu-tools-for-stm32.11.3.rel1.win32_1.1.0.202305231506/tools/bin/../lib/gcc/arm-none-eabi/11.3.1/../../../../arm-none-eabi/lib/thumb/v7e-m+fp/hard\libc_nano.a(libc_a-wbuf.o)
                0x0000000008010210                __swbuf_r
 *fill*         0x000000000801028a        0x2 
 .text.__swsetup_r
                0x000000000801028c       0xb0 C:/ST/STM32CubeIDE_1.13.1/STM32CubeIDE/plugins/com.st.stm32cube.ide.mcu.externaltools.gnu-tools-for-stm32.11.3.rel1.win32_1.1.0.202305231506/tools/bin/../lib/gcc/arm-none-eabi/11.3.1/../../../../arm-none-eabi/lib/thumb/v7e-m+fp/hard\libc_nano.a(libc_a-wsetup.o)
                0x000000000801028c                __swsetup_r
 .text._raise_r
                0x000000000801033c       0x50 C:/ST/STM32CubeIDE_1.13.1/STM32CubeIDE/plugins/com.st.stm32cube.ide.mcu.externaltools.gnu-tools-for-stm32.11.3.rel1.win32_1.1.0.202305231506/tools/bin/../lib/gcc/arm-none-eabi/11.3.1/../../../../arm-none-eabi/lib/thumb/v7e-m+fp/hard\libc_nano.a(libc_a-signal.o)
                0x000000000801033c                _raise_r
 .text.raise    0x000000000801038c       0x10 C:/ST/STM32CubeIDE_1.13.1/STM32CubeIDE/plugins/com.st.stm32cube.ide.mcu.externaltools.gnu-tools-for-stm32.11.3.rel1.win32_1.1.0.202305231506/tools/bin/../lib/gcc/arm-none-eabi/11.3.1/../../../../arm-none-eabi/lib/thumb/v7e-m+fp/hard\libc_nano.a(libc_a-signal.o)
                0x000000000801038c                raise
 .text._kill_r  0x000000000801039c       0x24 C:/ST/STM32CubeIDE_1.13.1/STM32CubeIDE/plugins/com.st.stm32cube.ide.mcu.externaltools.gnu-tools-for-stm32.11.3.rel1.win32_1.1.0.202305231506/tools/bin/../lib/gcc/arm-none-eabi/11.3.1/../../../../arm-none-eabi/lib/thumb/v7e-m+fp/hard\libc_nano.a(libc_a-signalr.o)
                0x000000000801039c                _kill_r
 .text._getpid_r
                0x00000000080103c0        0x4 C:/ST/STM32CubeIDE_1.13.1/STM32CubeIDE/plugins/com.st.stm32cube.ide.mcu.externaltools.gnu-tools-for-stm32.11.3.rel1.win32_1.1.0.202305231506/tools/bin/../lib/gcc/arm-none-eabi/11.3.1/../../../../arm-none-eabi/lib/thumb/v7e-m+fp/hard\libc_nano.a(libc_a-signalr.o)
                0x00000000080103c0                _getpid_r
 .text._malloc_usable_size_r
                0x00000000080103c4       0x10 C:/ST/STM32CubeIDE_1.13.1/STM32CubeIDE/plugins/com.st.stm32cube.ide.mcu.externaltools.gnu-tools-for-stm32.11.3.rel1.win32_1.1.0.202305231506/tools/bin/../lib/gcc/arm-none-eabi/11.3.1/../../../../arm-none-eabi/lib/thumb/v7e-m+fp/hard\libc_nano.a(libc_a-msizer.o)
                0x00000000080103c4                _malloc_usable_size_r
 .text.__swhatbuf_r
                0x00000000080103d4       0x4c C:/ST/STM32CubeIDE_1.13.1/STM32CubeIDE/plugins/com.st.stm32cube.ide.mcu.externaltools.gnu-tools-for-stm32.11.3.rel1.win32_1.1.0.202305231506/tools/bin/../lib/gcc/arm-none-eabi/11.3.1/../../../../arm-none-eabi/lib/thumb/v7e-m+fp/hard\libc_nano.a(libc_a-makebuf.o)
                0x00000000080103d4                __swhatbuf_r
 .text.__smakebuf_r
                0x0000000008010420       0x78 C:/ST/STM32CubeIDE_1.13.1/STM32CubeIDE/plugins/com.st.stm32cube.ide.mcu.externaltools.gnu-tools-for-stm32.11.3.rel1.win32_1.1.0.202305231506/tools/bin/../lib/gcc/arm-none-eabi/11.3.1/../../../../arm-none-eabi/lib/thumb/v7e-m+fp/hard\libc_nano.a(libc_a-makebuf.o)
                0x0000000008010420                __smakebuf_r
 .text._fstat_r
                0x0000000008010498       0x24 C:/ST/STM32CubeIDE_1.13.1/STM32CubeIDE/plugins/com.st.stm32cube.ide.mcu.externaltools.gnu-tools-for-stm32.11.3.rel1.win32_1.1.0.202305231506/tools/bin/../lib/gcc/arm-none-eabi/11.3.1/../../../../arm-none-eabi/lib/thumb/v7e-m+fp/hard\libc_nano.a(libc_a-fstatr.o)
                0x0000000008010498                _fstat_r
 .text._isatty_r
                0x00000000080104bc       0x20 C:/ST/STM32CubeIDE_1.13.1/STM32CubeIDE/plugins/com.st.stm32cube.ide.mcu.externaltools.gnu-tools-for-stm32.11.3.rel1.win32_1.1.0.202305231506/tools/bin/../lib/gcc/arm-none-eabi/11.3.1/../../../../arm-none-eabi/lib/thumb/v7e-m+fp/hard\libc_nano.a(libc_a-isattyr.o)
                0x00000000080104bc                _isatty_r
 *(.glue_7)
 .glue_7        0x00000000080104dc        0x0 linker stubs
 *(.glue_7t)
 .glue_7t       0x00000000080104dc        0x0 linker stubs
 *(.eh_frame)
 .eh_frame      0x00000000080104dc        0x0 C:/ST/STM32CubeIDE_1.13.1/STM32CubeIDE/plugins/com.st.stm32cube.ide.mcu.externaltools.gnu-tools-for-stm32.11.3.rel1.win32_1.1.0.202305231506/tools/bin/../lib/gcc/arm-none-eabi/11.3.1/thumb/v7e-m+fp/hard/crtbegin.o
 *(.init)
 .init          0x00000000080104dc        0x4 C:/ST/STM32CubeIDE_1.13.1/STM32CubeIDE/plugins/com.st.stm32cube.ide.mcu.externaltools.gnu-tools-for-stm32.11.3.rel1.win32_1.1.0.202305231506/tools/bin/../lib/gcc/arm-none-eabi/11.3.1/thumb/v7e-m+fp/hard/crti.o
                0x00000000080104dc                _init
 .init          0x00000000080104e0        0x8 C:/ST/STM32CubeIDE_1.13.1/STM32CubeIDE/plugins/com.st.stm32cube.ide.mcu.externaltools.gnu-tools-for-stm32.11.3.rel1.win32_1.1.0.202305231506/tools/bin/../lib/gcc/arm-none-eabi/11.3.1/thumb/v7e-m+fp/hard/crtn.o
 *(.fini)
 .fini          0x00000000080104e8        0x4 C:/ST/STM32CubeIDE_1.13.1/STM32CubeIDE/plugins/com.st.stm32cube.ide.mcu.externaltools.gnu-tools-for-stm32.11.3.rel1.win32_1.1.0.202305231506/tools/bin/../lib/gcc/arm-none-eabi/11.3.1/thumb/v7e-m+fp/hard/crti.o
                0x00000000080104e8                _fini
 .fini          0x00000000080104ec        0x8 C:/ST/STM32CubeIDE_1.13.1/STM32CubeIDE/plugins/com.st.stm32cube.ide.mcu.externaltools.gnu-tools-for-stm32.11.3.rel1.win32_1.1.0.202305231506/tools/bin/../lib/gcc/arm-none-eabi/11.3.1/thumb/v7e-m+fp/hard/crtn.o
                0x00000000080104f4                . = ALIGN (0x4)
                0x00000000080104f4                _etext = .

.vfp11_veneer   0x00000000080104f4        0x0
 .vfp11_veneer  0x00000000080104f4        0x0 linker stubs

.v4_bx          0x00000000080104f4        0x0
 .v4_bx         0x00000000080104f4        0x0 linker stubs

.iplt           0x00000000080104f4        0x0
 .iplt          0x00000000080104f4        0x0 C:/ST/STM32CubeIDE_1.13.1/STM32CubeIDE/plugins/com.st.stm32cube.ide.mcu.externaltools.gnu-tools-for-stm32.11.3.rel1.win32_1.1.0.202305231506/tools/bin/../lib/gcc/arm-none-eabi/11.3.1/thumb/v7e-m+fp/hard/crtbegin.o

.rodata         0x00000000080104f4      0x96c
                0x00000000080104f4                . = ALIGN (0x4)
 *(.rodata)
 .rodata        0x00000000080104f4      0x28a ./Core/Src/main.o
 *fill*         0x000000000801077e        0x2 
 .rodata        0x0000000008010780      0x227 ./ESP8266/ESP8266_Chelo.o
 *fill*         0x00000000080109a7        0x1 
 .rodata        0x00000000080109a8       0x5d ./HTTP/http.o
 *fill*         0x0000000008010a05        0x3 
 .rodata        0x0000000008010a08      0x212 ./LoRa/RYLR896.o
 *fill*         0x0000000008010c1a        0x2 
 .rodata        0x0000000008010c1c       0x16 ./STM32_ETH_W5100/ETH_W5100.o
 *fill*         0x0000000008010c32        0x2 
 .rodata        0x0000000008010c34        0xb ./STRING/STR_Chelo.o
 *(.rodata*)
 *fill*         0x0000000008010c3f        0x1 
 .rodata.AHBPrescTable
                0x0000000008010c40       0x10 ./Core/Src/system_stm32f4xx.o
                0x0000000008010c40                AHBPrescTable
 .rodata.APBPrescTable
                0x0000000008010c50        0x8 ./Core/Src/system_stm32f4xx.o
                0x0000000008010c50                APBPrescTable
 .rodata.__utoa.str1.1
                0x0000000008010c58       0x25 C:/ST/STM32CubeIDE_1.13.1/STM32CubeIDE/plugins/com.st.stm32cube.ide.mcu.externaltools.gnu-tools-for-stm32.11.3.rel1.win32_1.1.0.202305231506/tools/bin/../lib/gcc/arm-none-eabi/11.3.1/../../../../arm-none-eabi/lib/thumb/v7e-m+fp/hard\libc_nano.a(libc_a-utoa.o)
 .rodata._ctype_
                0x0000000008010c7d      0x101 C:/ST/STM32CubeIDE_1.13.1/STM32CubeIDE/plugins/com.st.stm32cube.ide.mcu.externaltools.gnu-tools-for-stm32.11.3.rel1.win32_1.1.0.202305231506/tools/bin/../lib/gcc/arm-none-eabi/11.3.1/../../../../arm-none-eabi/lib/thumb/v7e-m+fp/hard\libc_nano.a(libc_a-ctype_.o)
                0x0000000008010c7d                _ctype_
 .rodata.strtok.str1.1
                0x0000000008010d7e       0x71 C:/ST/STM32CubeIDE_1.13.1/STM32CubeIDE/plugins/com.st.stm32cube.ide.mcu.externaltools.gnu-tools-for-stm32.11.3.rel1.win32_1.1.0.202305231506/tools/bin/../lib/gcc/arm-none-eabi/11.3.1/../../../../arm-none-eabi/lib/thumb/v7e-m+fp/hard\libc_nano.a(libc_a-strtok.o)
 .rodata.__assert_func.str1.1
                0x0000000008010def       0x3c C:/ST/STM32CubeIDE_1.13.1/STM32CubeIDE/plugins/com.st.stm32cube.ide.mcu.externaltools.gnu-tools-for-stm32.11.3.rel1.win32_1.1.0.202305231506/tools/bin/../lib/gcc/arm-none-eabi/11.3.1/../../../../arm-none-eabi/lib/thumb/v7e-m+fp/hard\libc_nano.a(libc_a-assert.o)
                                         0x3d (size before relaxing)
 .rodata._svfprintf_r.str1.1
                0x0000000008010e2b       0x11 C:/ST/STM32CubeIDE_1.13.1/STM32CubeIDE/plugins/com.st.stm32cube.ide.mcu.externaltools.gnu-tools-for-stm32.11.3.rel1.win32_1.1.0.202305231506/tools/bin/../lib/gcc/arm-none-eabi/11.3.1/../../../../arm-none-eabi/lib/thumb/v7e-m+fp/hard\libc_nano.a(libc_a-nano-svfprintf.o)
 .rodata._printf_i.str1.1
                0x0000000008010e3c       0x22 C:/ST/STM32CubeIDE_1.13.1/STM32CubeIDE/plugins/com.st.stm32cube.ide.mcu.externaltools.gnu-tools-for-stm32.11.3.rel1.win32_1.1.0.202305231506/tools/bin/../lib/gcc/arm-none-eabi/11.3.1/../../../../arm-none-eabi/lib/thumb/v7e-m+fp/hard\libc_nano.a(libc_a-nano-vfprintf_i.o)
 .rodata._vfprintf_r.str1.1
                0x0000000008010e5e       0x11 C:/ST/STM32CubeIDE_1.13.1/STM32CubeIDE/plugins/com.st.stm32cube.ide.mcu.externaltools.gnu-tools-for-stm32.11.3.rel1.win32_1.1.0.202305231506/tools/bin/../lib/gcc/arm-none-eabi/11.3.1/../../../../arm-none-eabi/lib/thumb/v7e-m+fp/hard\libc_nano.a(libc_a-nano-vfprintf.o)
                0x0000000008010e70                . = ALIGN (0x4)
 *fill*         0x0000000008010e5e        0x2 

.ARM.extab      0x0000000008010e60        0x0
                0x0000000008010e60                . = ALIGN (0x4)
 *(.ARM.extab* .gnu.linkonce.armextab.*)
                0x0000000008010e60                . = ALIGN (0x4)

.ARM            0x0000000008010e60        0x8
                0x0000000008010e60                . = ALIGN (0x4)
                0x0000000008010e60                __exidx_start = .
 *(.ARM.exidx*)
 .ARM.exidx     0x0000000008010e60        0x8 C:/ST/STM32CubeIDE_1.13.1/STM32CubeIDE/plugins/com.st.stm32cube.ide.mcu.externaltools.gnu-tools-for-stm32.11.3.rel1.win32_1.1.0.202305231506/tools/bin/../lib/gcc/arm-none-eabi/11.3.1/thumb/v7e-m+fp/hard\libgcc.a(_udivmoddi4.o)
                0x0000000008010e68                __exidx_end = .
                0x0000000008010e68                . = ALIGN (0x4)

.rel.dyn        0x0000000008010e68        0x0
 .rel.iplt      0x0000000008010e68        0x0 C:/ST/STM32CubeIDE_1.13.1/STM32CubeIDE/plugins/com.st.stm32cube.ide.mcu.externaltools.gnu-tools-for-stm32.11.3.rel1.win32_1.1.0.202305231506/tools/bin/../lib/gcc/arm-none-eabi/11.3.1/thumb/v7e-m+fp/hard/crtbegin.o

.preinit_array  0x0000000008010e68        0x0
                0x0000000008010e68                . = ALIGN (0x4)
                0x0000000008010e68                PROVIDE (__preinit_array_start = .)
 *(.preinit_array*)
                0x0000000008010e68                PROVIDE (__preinit_array_end = .)
                0x0000000008010e68                . = ALIGN (0x4)

.init_array     0x0000000008010e68        0x4
                0x0000000008010e68                . = ALIGN (0x4)
                0x0000000008010e68                PROVIDE (__init_array_start = .)
 *(SORT_BY_NAME(.init_array.*))
 *(.init_array*)
 .init_array    0x0000000008010e68        0x4 C:/ST/STM32CubeIDE_1.13.1/STM32CubeIDE/plugins/com.st.stm32cube.ide.mcu.externaltools.gnu-tools-for-stm32.11.3.rel1.win32_1.1.0.202305231506/tools/bin/../lib/gcc/arm-none-eabi/11.3.1/thumb/v7e-m+fp/hard/crtbegin.o
                0x0000000008010e6c                PROVIDE (__init_array_end = .)
                0x0000000008010e6c                . = ALIGN (0x4)

.fini_array     0x0000000008010e6c        0x4
                0x0000000008010e6c                . = ALIGN (0x4)
                [!provide]                        PROVIDE (__fini_array_start = .)
 *(SORT_BY_NAME(.fini_array.*))
 *(.fini_array*)
 .fini_array    0x0000000008010e6c        0x4 C:/ST/STM32CubeIDE_1.13.1/STM32CubeIDE/plugins/com.st.stm32cube.ide.mcu.externaltools.gnu-tools-for-stm32.11.3.rel1.win32_1.1.0.202305231506/tools/bin/../lib/gcc/arm-none-eabi/11.3.1/thumb/v7e-m+fp/hard/crtbegin.o
                [!provide]                        PROVIDE (__fini_array_end = .)
                0x0000000008010e70                . = ALIGN (0x4)
                0x0000000008010e70                _sidata = LOADADDR (.data)

.data           0x0000000020000000      0x198 load address 0x0000000008010e70
                0x0000000020000000                . = ALIGN (0x4)
                0x0000000020000000                _sdata = .
 *(.data)
 *(.data*)
 .data.ENDPOINT
                0x0000000020000000        0x9 ./Core/Src/main.o
                0x0000000020000000                ENDPOINT
 *fill*         0x0000000020000009        0x3 
 .data.SERVER_IP
                0x000000002000000c        0xd ./Core/Src/main.o
                0x000000002000000c                SERVER_IP
 *fill*         0x0000000020000019        0x3 
 .data.PORT     0x000000002000001c        0x5 ./Core/Src/main.o
                0x000000002000001c                PORT
 *fill*         0x0000000020000021        0x3 
 .data.WIFI_NET
                0x0000000020000024        0x8 ./Core/Src/main.o
                0x0000000020000024                WIFI_NET
 .data.WIFI_PASS
                0x000000002000002c        0x9 ./Core/Src/main.o
                0x000000002000002c                WIFI_PASS
 *fill*         0x0000000020000035        0x3 
 .data.TCP_SERVER
                0x0000000020000038        0xd ./Core/Src/main.o
                0x0000000020000038                TCP_SERVER
 *fill*         0x0000000020000045        0x3 
 .data.TCP_PORT
                0x0000000020000048        0x5 ./Core/Src/main.o
                0x0000000020000048                TCP_PORT
 *fill*         0x000000002000004d        0x3 
 .data.TCP_SERVER_LOCAL
                0x0000000020000050        0xd ./Core/Src/main.o
                0x0000000020000050                TCP_SERVER_LOCAL
 *fill*         0x000000002000005d        0x3 
 .data.TCP_SERVER_LOCAL_GWY
                0x0000000020000060        0xd ./Core/Src/main.o
                0x0000000020000060                TCP_SERVER_LOCAL_GWY
 *fill*         0x000000002000006d        0x3 
 .data.TCP_SERVER_LOCAL_MSK
                0x0000000020000070        0xe ./Core/Src/main.o
                0x0000000020000070                TCP_SERVER_LOCAL_MSK
 *fill*         0x000000002000007e        0x2 
 .data.TCP_PORT_LOCAL
                0x0000000020000080        0x4 ./Core/Src/main.o
                0x0000000020000080                TCP_PORT_LOCAL
 .data.SystemCoreClock
                0x0000000020000084        0x4 ./Core/Src/system_stm32f4xx.o
                0x0000000020000084                SystemCoreClock
 .data.uwTickPrio
                0x0000000020000088        0x4 ./Drivers/STM32F4xx_HAL_Driver/Src/stm32f4xx_hal.o
                0x0000000020000088                uwTickPrio
 .data.uwTickFreq
                0x000000002000008c        0x1 ./Drivers/STM32F4xx_HAL_Driver/Src/stm32f4xx_hal.o
                0x000000002000008c                uwTickFreq
 *fill*         0x000000002000008d        0x3 
 .data.data     0x0000000020000090       0xa0 ./HTTP/http.o
                0x0000000020000090                data
 .data.deviceId
                0x0000000020000130        0xa ./HTTP/http.o
                0x0000000020000130                deviceId
 *fill*         0x000000002000013a        0x2 
 .data.__sglue  0x000000002000013c        0xc C:/ST/STM32CubeIDE_1.13.1/STM32CubeIDE/plugins/com.st.stm32cube.ide.mcu.externaltools.gnu-tools-for-stm32.11.3.rel1.win32_1.1.0.202305231506/tools/bin/../lib/gcc/arm-none-eabi/11.3.1/../../../../arm-none-eabi/lib/thumb/v7e-m+fp/hard\libc_nano.a(libc_a-findfp.o)
                0x000000002000013c                __sglue
 .data._impure_data
                0x0000000020000148       0x4c C:/ST/STM32CubeIDE_1.13.1/STM32CubeIDE/plugins/com.st.stm32cube.ide.mcu.externaltools.gnu-tools-for-stm32.11.3.rel1.win32_1.1.0.202305231506/tools/bin/../lib/gcc/arm-none-eabi/11.3.1/../../../../arm-none-eabi/lib/thumb/v7e-m+fp/hard\libc_nano.a(libc_a-impure.o)
                0x0000000020000148                _impure_data
 .data._impure_ptr
                0x0000000020000194        0x4 C:/ST/STM32CubeIDE_1.13.1/STM32CubeIDE/plugins/com.st.stm32cube.ide.mcu.externaltools.gnu-tools-for-stm32.11.3.rel1.win32_1.1.0.202305231506/tools/bin/../lib/gcc/arm-none-eabi/11.3.1/../../../../arm-none-eabi/lib/thumb/v7e-m+fp/hard\libc_nano.a(libc_a-impure.o)
                0x0000000020000194                _impure_ptr
 *(.RamFunc)
 *(.RamFunc*)
                0x0000000020000198                . = ALIGN (0x4)
                0x0000000020000198                _edata = .

.igot.plt       0x0000000020000198        0x0 load address 0x0000000008011008
 .igot.plt      0x0000000020000198        0x0 C:/ST/STM32CubeIDE_1.13.1/STM32CubeIDE/plugins/com.st.stm32cube.ide.mcu.externaltools.gnu-tools-for-stm32.11.3.rel1.win32_1.1.0.202305231506/tools/bin/../lib/gcc/arm-none-eabi/11.3.1/thumb/v7e-m+fp/hard/crtbegin.o
                0x0000000020000198                . = ALIGN (0x4)

.bss            0x0000000020000198     0x407c load address 0x0000000008011008
                0x0000000020000198                _sbss = .
                0x0000000020000198                __bss_start__ = _sbss
 *(.bss)
 .bss           0x0000000020000198       0x1c C:/ST/STM32CubeIDE_1.13.1/STM32CubeIDE/plugins/com.st.stm32cube.ide.mcu.externaltools.gnu-tools-for-stm32.11.3.rel1.win32_1.1.0.202305231506/tools/bin/../lib/gcc/arm-none-eabi/11.3.1/thumb/v7e-m+fp/hard/crtbegin.o
 *(.bss*)
 .bss.hspi1     0x00000000200001b4       0x58 ./Core/Src/main.o
                0x00000000200001b4                hspi1
 .bss.htim2     0x000000002000020c       0x48 ./Core/Src/main.o
                0x000000002000020c                htim2
 .bss.htim3     0x0000000020000254       0x48 ./Core/Src/main.o
                0x0000000020000254                htim3
 .bss.huart1    0x000000002000029c       0x44 ./Core/Src/main.o
                0x000000002000029c                huart1
 .bss.huart2    0x00000000200002e0       0x44 ./Core/Src/main.o
                0x00000000200002e0                huart2
 .bss.huart6    0x0000000020000324       0x44 ./Core/Src/main.o
                0x0000000020000324                huart6
 .bss.ms_ticks  0x0000000020000368        0x4 ./Core/Src/main.o
                0x0000000020000368                ms_ticks
 .bss.min_ticks
                0x000000002000036c        0x4 ./Core/Src/main.o
                0x000000002000036c                min_ticks
 .bss.lr        0x0000000020000370      0x804 ./Core/Src/main.o
                0x0000000020000370                lr
 .bss.error     0x0000000020000b74        0x1 ./Core/Src/main.o
                0x0000000020000b74                error
 *fill*         0x0000000020000b75        0x3 
 .bss.wf        0x0000000020000b78      0xd60 ./Core/Src/main.o
                0x0000000020000b78                wf
 .bss.mb_eth    0x00000000200018d8      0x650 ./Core/Src/main.o
                0x00000000200018d8                mb_eth
 .bss.mb_wf     0x0000000020001f28      0x650 ./Core/Src/main.o
                0x0000000020001f28                mb_wf
 .bss.post      0x0000000020002578      0x200 ./Core/Src/main.o
                0x0000000020002578                post
 .bss.body      0x0000000020002778      0x200 ./Core/Src/main.o
                0x0000000020002778                body
 .bss.ETH_DBG_EN
                0x0000000020002978        0x1 ./Core/Src/main.o
                0x0000000020002978                ETH_DBG_EN
 .bss.WF_SND_FLAG
                0x0000000020002979        0x1 ./Core/Src/main.o
                0x0000000020002979                WF_SND_FLAG
 *fill*         0x000000002000297a        0x2 
 .bss.wf_snd_flag_ticks
                0x000000002000297c        0x4 ./Core/Src/main.o
                0x000000002000297c                wf_snd_flag_ticks
 .bss.ETH       0x0000000020002980     0x1068 ./Core/Src/main.o
                0x0000000020002980                ETH
 .bss.S0_get_size
                0x00000000200039e8        0x2 ./Core/Src/main.o
                0x00000000200039e8                S0_get_size
 .bss.tx_mem_pointer
                0x00000000200039ea        0x2 ./Core/Src/main.o
                0x00000000200039ea                tx_mem_pointer
 .bss.rx_mem_pointer
                0x00000000200039ec        0x2 ./Core/Src/main.o
                0x00000000200039ec                rx_mem_pointer
 .bss.send_size
                0x00000000200039ee        0x2 ./Core/Src/main.o
                0x00000000200039ee                send_size
 .bss.datos     0x00000000200039f0       0x20 ./Core/Src/main.o
                0x00000000200039f0                datos
 .bss.decimal   0x0000000020003a10       0x11 ./Core/Src/main.o
                0x0000000020003a10                decimal
 *fill*         0x0000000020003a21        0x3 
 .bss.spi_Data  0x0000000020003a24       0x40 ./Core/Src/main.o
                0x0000000020003a24                spi_Data
 .bss.spi_no_debug
                0x0000000020003a64        0x1 ./Core/Src/main.o
                0x0000000020003a64                spi_no_debug
 .bss.ESP_REinit
                0x0000000020003a65        0x1 ./Core/Src/main.o
                0x0000000020003a65                ESP_REinit
 .bss.ESP_InitF
                0x0000000020003a66        0x1 ./Core/Src/main.o
                0x0000000020003a66                ESP_InitF
 .bss.ESP_HW_Init
                0x0000000020003a67        0x1 ./Core/Src/main.o
                0x0000000020003a67                ESP_HW_Init
 .bss.EN_UART1_TMR
                0x0000000020003a68        0x1 ./Core/Src/main.o
                0x0000000020003a68                EN_UART1_TMR
 .bss.EN_UART2_TMR
                0x0000000020003a69        0x1 ./Core/Src/main.o
                0x0000000020003a69                EN_UART2_TMR
 .bss.EN_USART1_TMR
                0x0000000020003a6a        0x1 ./Core/Src/main.o
                0x0000000020003a6a                EN_USART1_TMR
 .bss.FLAG_TIMEOUT
                0x0000000020003a6b        0x1 ./Core/Src/main.o
                0x0000000020003a6b                FLAG_TIMEOUT
 .bss.FLAG_UART1
                0x0000000020003a6c        0x1 ./Core/Src/main.o
                0x0000000020003a6c                FLAG_UART1
 .bss.FLAG_UART2
                0x0000000020003a6d        0x1 ./Core/Src/main.o
                0x0000000020003a6d                FLAG_UART2
 .bss.resultado
                0x0000000020003a6e        0x1 ./Core/Src/main.o
                0x0000000020003a6e                resultado
 .bss.error_rxdata
                0x0000000020003a6f        0x1 ./Core/Src/main.o
                0x0000000020003a6f                error_rxdata
 .bss.esp_restart
                0x0000000020003a70        0x1 ./Core/Src/main.o
                0x0000000020003a70                esp_restart
 .bss.conexion  0x0000000020003a71        0x1 ./Core/Src/main.o
                0x0000000020003a71                conexion
 .bss.asc       0x0000000020003a72        0x1 ./Core/Src/main.o
                0x0000000020003a72                asc
 *fill*         0x0000000020003a73        0x1 
 .bss.SPI_READ_EN
                0x0000000020003a74        0x4 ./Core/Src/main.o
                0x0000000020003a74                SPI_READ_EN
 .bss.UART_RX_vect
                0x0000000020003a78      0x200 ./Core/Src/main.o
                0x0000000020003a78                UART_RX_vect
 .bss.UART2_RX_vect
                0x0000000020003c78      0x200 ./Core/Src/main.o
                0x0000000020003c78                UART2_RX_vect
 .bss.UART_RX_vect_hld
                0x0000000020003e78      0x200 ./Core/Src/main.o
                0x0000000020003e78                UART_RX_vect_hld
 .bss.CMP_VECT  0x0000000020004078        0x2 ./Core/Src/main.o
                0x0000000020004078                CMP_VECT
 *fill*         0x000000002000407a        0x2 
 .bss.UART_RX_byte
                0x000000002000407c        0x2 ./Core/Src/main.o
                0x000000002000407c                UART_RX_byte
 *fill*         0x000000002000407e        0x2 
 .bss.UART2_RX_byte
                0x0000000020004080        0x8 ./Core/Src/main.o
                0x0000000020004080                UART2_RX_byte
 .bss.UART_RX_items
                0x0000000020004088        0x4 ./Core/Src/main.o
                0x0000000020004088                UART_RX_items
 .bss.UART2_RX_items
                0x000000002000408c        0x4 ./Core/Src/main.o
                0x000000002000408c                UART2_RX_items
 .bss.ESP_ticks
                0x0000000020004090        0x4 ./Core/Src/main.o
                0x0000000020004090                ESP_ticks
 .bss.MBUS_ticks
                0x0000000020004094        0x4 ./Core/Src/main.o
                0x0000000020004094                MBUS_ticks
 .bss.MB_TOUT_ticks
                0x0000000020004098        0x4 ./Core/Src/main.o
                0x0000000020004098                MB_TOUT_ticks
 .bss.ticks     0x000000002000409c        0x4 ./Core/Src/main.o
                0x000000002000409c                ticks
 .bss.ntestc    0x00000000200040a0        0x4 ./Core/Src/main.o
                0x00000000200040a0                ntestc
 .bss.uart1pass
                0x00000000200040a4        0x4 ./Core/Src/main.o
                0x00000000200040a4                uart1pass
 .bss.USART1_ticks
                0x00000000200040a8        0x4 ./Core/Src/main.o
                0x00000000200040a8                USART1_ticks
 .bss.FLAG_USART1
                0x00000000200040ac        0x4 ./Core/Src/main.o
                0x00000000200040ac                FLAG_USART1
 .bss.items_rx  0x00000000200040b0        0x4 ./Core/Src/main.o
                0x00000000200040b0                items_rx
 .bss.UART_RX_pos
                0x00000000200040b4        0x4 ./Core/Src/main.o
                0x00000000200040b4                UART_RX_pos
 .bss.UART2_RX_pos
                0x00000000200040b8        0x4 ./Core/Src/main.o
                0x00000000200040b8                UART2_RX_pos
 .bss.dbgn      0x00000000200040bc        0x4 ./Core/Src/main.o
                0x00000000200040bc                dbgn
 .bss.__sbrk_heap_end
                0x00000000200040c0        0x4 ./Core/Src/sysmem.o
 .bss.uwTick    0x00000000200040c4        0x4 ./Drivers/STM32F4xx_HAL_Driver/Src/stm32f4xx_hal.o
                0x00000000200040c4                uwTick
 .bss.__sf      0x00000000200040c8      0x138 C:/ST/STM32CubeIDE_1.13.1/STM32CubeIDE/plugins/com.st.stm32cube.ide.mcu.externaltools.gnu-tools-for-stm32.11.3.rel1.win32_1.1.0.202305231506/tools/bin/../lib/gcc/arm-none-eabi/11.3.1/../../../../arm-none-eabi/lib/thumb/v7e-m+fp/hard\libc_nano.a(libc_a-findfp.o)
                0x00000000200040c8                __sf
 .bss.__stdio_exit_handler
                0x0000000020004200        0x4 C:/ST/STM32CubeIDE_1.13.1/STM32CubeIDE/plugins/com.st.stm32cube.ide.mcu.externaltools.gnu-tools-for-stm32.11.3.rel1.win32_1.1.0.202305231506/tools/bin/../lib/gcc/arm-none-eabi/11.3.1/../../../../arm-none-eabi/lib/thumb/v7e-m+fp/hard\libc_nano.a(libc_a-findfp.o)
                0x0000000020004200                __stdio_exit_handler
 .bss.errno     0x0000000020004204        0x4 C:/ST/STM32CubeIDE_1.13.1/STM32CubeIDE/plugins/com.st.stm32cube.ide.mcu.externaltools.gnu-tools-for-stm32.11.3.rel1.win32_1.1.0.202305231506/tools/bin/../lib/gcc/arm-none-eabi/11.3.1/../../../../arm-none-eabi/lib/thumb/v7e-m+fp/hard\libc_nano.a(libc_a-reent.o)
                0x0000000020004204                errno
 .bss.__lock___malloc_recursive_mutex
                0x0000000020004208        0x1 C:/ST/STM32CubeIDE_1.13.1/STM32CubeIDE/plugins/com.st.stm32cube.ide.mcu.externaltools.gnu-tools-for-stm32.11.3.rel1.win32_1.1.0.202305231506/tools/bin/../lib/gcc/arm-none-eabi/11.3.1/../../../../arm-none-eabi/lib/thumb/v7e-m+fp/hard\libc_nano.a(libc_a-lock.o)
                0x0000000020004208                __lock___malloc_recursive_mutex
 .bss.__lock___sfp_recursive_mutex
                0x0000000020004209        0x1 C:/ST/STM32CubeIDE_1.13.1/STM32CubeIDE/plugins/com.st.stm32cube.ide.mcu.externaltools.gnu-tools-for-stm32.11.3.rel1.win32_1.1.0.202305231506/tools/bin/../lib/gcc/arm-none-eabi/11.3.1/../../../../arm-none-eabi/lib/thumb/v7e-m+fp/hard\libc_nano.a(libc_a-lock.o)
                0x0000000020004209                __lock___sfp_recursive_mutex
 *fill*         0x000000002000420a        0x2 
 .bss.__malloc_free_list
                0x000000002000420c        0x4 C:/ST/STM32CubeIDE_1.13.1/STM32CubeIDE/plugins/com.st.stm32cube.ide.mcu.externaltools.gnu-tools-for-stm32.11.3.rel1.win32_1.1.0.202305231506/tools/bin/../lib/gcc/arm-none-eabi/11.3.1/../../../../arm-none-eabi/lib/thumb/v7e-m+fp/hard\libc_nano.a(libc_a-mallocr.o)
                0x000000002000420c                __malloc_free_list
 .bss.__malloc_sbrk_start
                0x0000000020004210        0x4 C:/ST/STM32CubeIDE_1.13.1/STM32CubeIDE/plugins/com.st.stm32cube.ide.mcu.externaltools.gnu-tools-for-stm32.11.3.rel1.win32_1.1.0.202305231506/tools/bin/../lib/gcc/arm-none-eabi/11.3.1/../../../../arm-none-eabi/lib/thumb/v7e-m+fp/hard\libc_nano.a(libc_a-mallocr.o)
                0x0000000020004210                __malloc_sbrk_start
 *(COMMON)
                0x0000000020004214                . = ALIGN (0x4)
                0x0000000020004214                _ebss = .
                0x0000000020004214                __bss_end__ = _ebss

._user_heap_stack
                0x0000000020004214      0x604 load address 0x0000000008011008
                0x0000000020004218                . = ALIGN (0x8)
 *fill*         0x0000000020004214        0x4 
                [!provide]                        PROVIDE (end = .)
                0x0000000020004218                PROVIDE (_end = .)
                0x0000000020004418                . = (. + _Min_Heap_Size)
 *fill*         0x0000000020004218      0x200 
                0x0000000020004818                . = (. + _Min_Stack_Size)
 *fill*         0x0000000020004418      0x400 
                0x0000000020004818                . = ALIGN (0x8)

/DISCARD/
 libc.a(*)
 libm.a(*)
 libgcc.a(*)

.ARM.attributes
                0x0000000000000000       0x30
 *(.ARM.attributes)
 .ARM.attributes
                0x0000000000000000       0x1e C:/ST/STM32CubeIDE_1.13.1/STM32CubeIDE/plugins/com.st.stm32cube.ide.mcu.externaltools.gnu-tools-for-stm32.11.3.rel1.win32_1.1.0.202305231506/tools/bin/../lib/gcc/arm-none-eabi/11.3.1/thumb/v7e-m+fp/hard/crti.o
 .ARM.attributes
                0x000000000000001e       0x34 C:/ST/STM32CubeIDE_1.13.1/STM32CubeIDE/plugins/com.st.stm32cube.ide.mcu.externaltools.gnu-tools-for-stm32.11.3.rel1.win32_1.1.0.202305231506/tools/bin/../lib/gcc/arm-none-eabi/11.3.1/thumb/v7e-m+fp/hard/crtbegin.o
 .ARM.attributes
                0x0000000000000052       0x34 ./Core/Src/main.o
 .ARM.attributes
                0x0000000000000086       0x34 ./Core/Src/stm32f4xx_hal_msp.o
 .ARM.attributes
                0x00000000000000ba       0x34 ./Core/Src/stm32f4xx_it.o
 .ARM.attributes
                0x00000000000000ee       0x34 ./Core/Src/syscalls.o
 .ARM.attributes
                0x0000000000000122       0x34 ./Core/Src/sysmem.o
 .ARM.attributes
                0x0000000000000156       0x34 ./Core/Src/system_stm32f4xx.o
 .ARM.attributes
                0x000000000000018a       0x21 ./Core/Startup/startup_stm32f411ceux.o
 .ARM.attributes
                0x00000000000001ab       0x34 ./Drivers/STM32F4xx_HAL_Driver/Src/stm32f4xx_hal.o
 .ARM.attributes
                0x00000000000001df       0x34 ./Drivers/STM32F4xx_HAL_Driver/Src/stm32f4xx_hal_cortex.o
 .ARM.attributes
                0x0000000000000213       0x34 ./Drivers/STM32F4xx_HAL_Driver/Src/stm32f4xx_hal_dma.o
 .ARM.attributes
                0x0000000000000247       0x34 ./Drivers/STM32F4xx_HAL_Driver/Src/stm32f4xx_hal_gpio.o
 .ARM.attributes
                0x000000000000027b       0x34 ./Drivers/STM32F4xx_HAL_Driver/Src/stm32f4xx_hal_rcc.o
 .ARM.attributes
                0x00000000000002af       0x34 ./Drivers/STM32F4xx_HAL_Driver/Src/stm32f4xx_hal_spi.o
 .ARM.attributes
                0x00000000000002e3       0x34 ./Drivers/STM32F4xx_HAL_Driver/Src/stm32f4xx_hal_tim.o
 .ARM.attributes
                0x0000000000000317       0x34 ./Drivers/STM32F4xx_HAL_Driver/Src/stm32f4xx_hal_tim_ex.o
 .ARM.attributes
                0x000000000000034b       0x34 ./Drivers/STM32F4xx_HAL_Driver/Src/stm32f4xx_hal_uart.o
 .ARM.attributes
                0x000000000000037f       0x34 ./ESP8266/ESP8266_Chelo.o
 .ARM.attributes
                0x00000000000003b3       0x34 ./HTTP/http.o
 .ARM.attributes
                0x00000000000003e7       0x34 ./LoRa/RYLR896.o
 .ARM.attributes
                0x000000000000041b       0x34 ./ModBUS/ModBUS_Chelo.o
 .ARM.attributes
                0x000000000000044f       0x34 ./STM32_ETH_W5100/ETH_W5100.o
 .ARM.attributes
                0x0000000000000483       0x34 ./STRING/STR_Chelo.o
 .ARM.attributes